Component: ARM Compiler 5.06 update 7 (build 960) Tool: armlink [4d3601]

==============================================================================

Section Cross References

    startup_stm32g474xx.o(RESET) refers to startup_stm32g474xx.o(STACK) for __initial_sp
    startup_stm32g474xx.o(RESET) refers to startup_stm32g474xx.o(.text) for Reset_Handler
    startup_stm32g474xx.o(RESET) refers to stm32g4xx_it.o(i.NMI_Handler) for NMI_Handler
    startup_stm32g474xx.o(RESET) refers to stm32g4xx_it.o(i.HardFault_Handler) for HardFault_Handler
    startup_stm32g474xx.o(RESET) refers to stm32g4xx_it.o(i.MemManage_Handler) for MemManage_Handler
    startup_stm32g474xx.o(RESET) refers to stm32g4xx_it.o(i.BusFault_Handler) for BusFault_Handler
    startup_stm32g474xx.o(RESET) refers to stm32g4xx_it.o(i.UsageFault_Handler) for UsageFault_Handler
    startup_stm32g474xx.o(RESET) refers to stm32g4xx_it.o(i.SVC_Handler) for SVC_Handler
    startup_stm32g474xx.o(RESET) refers to stm32g4xx_it.o(i.DebugMon_Handler) for DebugMon_Handler
    startup_stm32g474xx.o(RESET) refers to stm32g4xx_it.o(i.PendSV_Handler) for PendSV_Handler
    startup_stm32g474xx.o(RESET) refers to stm32g4xx_it.o(i.SysTick_Handler) for SysTick_Handler
    startup_stm32g474xx.o(RESET) refers to stm32g4xx_it.o(i.TIM2_IRQHandler) for TIM2_IRQHandler
    startup_stm32g474xx.o(RESET) refers to stm32g4xx_it.o(i.HRTIM1_Master_IRQHandler) for HRTIM1_Master_IRQHandler
    startup_stm32g474xx.o(RESET) refers to stm32g4xx_it.o(i.FDCAN2_IT0_IRQHandler) for FDCAN2_IT0_IRQHandler
    startup_stm32g474xx.o(.text) refers to system_stm32g4xx.o(i.SystemInit) for SystemInit
    startup_stm32g474xx.o(.text) refers to entry.o(.ARM.Collect$$$$00000000) for __main
    power_ctrl.o(ccmram) refers to pid.o(ccmram) for PID_clear
    power_ctrl.o(ccmram) refers to pid.o(i.PID_init) for PID_init
    power_ctrl.o(ccmram) refers to power_ctrl.o(.bss) for .bss
    power_ctrl.o(ccmram) refers to power_ctrl.o(ccmram) for ccmram
    power_ctrl.o(ccmram) refers to power_ctrl.o(.data) for .data
    power_ctrl.o(ccmram) refers to function.o(.bss) for DF
    power_ctrl.o(ccmram) refers to pid.o(ccmram) for voltageout_loop
    power_ctrl.o(ccmram) refers to pid.o(ccmram) for currentout_loop
    power_ctrl.o(ccmram) refers to pid.o(ccmram) for powerin_loop
    power_ctrl.o(ccmram) refers to function.o(.data) for CtrValue
    power_ctrl.o(i.ADC_Linear_calibration_init) refers to f2d.o(.text) for __aeabi_f2d
    power_ctrl.o(i.ADC_Linear_calibration_init) refers to dmul.o(.text) for __aeabi_dmul
    power_ctrl.o(i.ADC_Linear_calibration_init) refers to dadd.o(.text) for __aeabi_dsub
    power_ctrl.o(i.ADC_Linear_calibration_init) refers to d2f.o(.text) for __aeabi_d2f
    power_ctrl.o(i.power_init) refers to power_ctrl.o(i.ADC_Linear_calibration_init) for ADC_Linear_calibration_init
    power_ctrl.o(i.power_init) refers to power_ctrl.o(.bss) for .bss
    seekfree_ips114_spi.o(ccmram) refers to seekfree_ips114_spi.o(i.ips114_showint16) for ips114_showint16
    seekfree_ips114_spi.o(ccmram) refers to power_ctrl.o(ccmram) for in
    seekfree_ips114_spi.o(ccmram) refers to power_ctrl.o(ccmram) for chassis
    seekfree_ips114_spi.o(i.ips114_clear) refers to seekfree_ips114_spi.o(i.ips114_set_region) for ips114_set_region
    seekfree_ips114_spi.o(i.ips114_clear) refers to stm32g4xx_hal_gpio.o(i.HAL_GPIO_WritePin) for HAL_GPIO_WritePin
    seekfree_ips114_spi.o(i.ips114_clear) refers to stm32g4xx_hal_spi.o(i.HAL_SPI_Transmit) for HAL_SPI_Transmit
    seekfree_ips114_spi.o(i.ips114_clear) refers to spi.o(.bss) for hspi2
    seekfree_ips114_spi.o(i.ips114_display_chinese) refers to seekfree_ips114_spi.o(i.ips114_set_region) for ips114_set_region
    seekfree_ips114_spi.o(i.ips114_display_chinese) refers to stm32g4xx_hal_gpio.o(i.HAL_GPIO_WritePin) for HAL_GPIO_WritePin
    seekfree_ips114_spi.o(i.ips114_display_chinese) refers to stm32g4xx_hal_spi.o(i.HAL_SPI_Transmit) for HAL_SPI_Transmit
    seekfree_ips114_spi.o(i.ips114_display_chinese) refers to spi.o(.bss) for hspi2
    seekfree_ips114_spi.o(i.ips114_drawpoint) refers to seekfree_ips114_spi.o(i.ips114_set_region) for ips114_set_region
    seekfree_ips114_spi.o(i.ips114_drawpoint) refers to seekfree_ips114_spi.o(i.ips114_writedata_16bit) for ips114_writedata_16bit
    seekfree_ips114_spi.o(i.ips114_init) refers to stm32g4xx_hal_gpio.o(i.HAL_GPIO_WritePin) for HAL_GPIO_WritePin
    seekfree_ips114_spi.o(i.ips114_init) refers to stm32g4xx_hal.o(i.HAL_Delay) for HAL_Delay
    seekfree_ips114_spi.o(i.ips114_init) refers to stm32g4xx_hal_spi.o(i.HAL_SPI_Transmit) for HAL_SPI_Transmit
    seekfree_ips114_spi.o(i.ips114_init) refers to spi.o(.bss) for hspi2
    seekfree_ips114_spi.o(i.ips114_init) refers to seekfree_ips114_spi.o(i.ips114_set_region) for ips114_set_region
    seekfree_ips114_spi.o(i.ips114_init) refers to seekfree_ips114_spi.o(i.ips114_showchar) for ips114_showchar
[...]
    powerctrl_tx_message                     0x200001f0   Data          36  can_receive.o(.bss)
    .bss                                     0x20000214   Section       14  function.o(.bss)
    .bss                                     0x20000224   Section     1020  adc.o(.bss)
    .bss                                     0x20000620   Section      200  fdcan.o(.bss)
    .bss                                     0x200006e8   Section      152  fmac.o(.bss)
    .bss                                     0x20000780   Section      348  hrtim.o(.bss)
    .bss                                     0x200008dc   Section      288  usart.o(.bss)
    .bss                                     0x200009fc   Section      300  opamp.o(.bss)
    .bss                                     0x20000b28   Section      200  spi.o(.bss)
    .bss                                     0x20000bf0   Section      152  tim.o(.bss)
    STACK                                    0x20000c88   Section     1024  startup_stm32g474xx.o(STACK)

    Global Symbols

    Symbol Name                              Value     Ov Type        Size  Object(Section)

    BuildAttributes$$THM_ISAv4$E$P$D$K$B$S$7EM$VFPi3$EXTD16$VFPS$VFMA$PE$A:L22UL41UL21$X:L11$S22US41US21$IEEE1$IW$USESV6$~STKCKD$USESV7$~SHL$OTIME$ROPI$EBA8$MICROLIB$REQ8$PRES8$EABIv2 0x00000000   Number         0  anon$$obj.o ABSOLUTE
    __ARM_use_no_argv                        0x00000000   Number         0  main.o ABSOLUTE
    _printf_a                                0x00000000   Number         0  stubs.o ABSOLUTE
    _printf_c                                0x00000000   Number         0  stubs.o ABSOLUTE
    _printf_charcount                        0x00000000   Number         0  stubs.o ABSOLUTE
    _printf_d                                0x00000000   Number         0  stubs.o ABSOLUTE
    _printf_e                                0x00000000   Number         0  stubs.o ABSOLUTE
    _printf_f                                0x00000000   Number         0  stubs.o ABSOLUTE
    _printf_flags                            0x00000000   Number         0  stubs.o ABSOLUTE
    _printf_fp_dec                           0x00000000   Number         0  stubs.o ABSOLUTE
    _printf_fp_hex                           0x00000000   Number         0  stubs.o ABSOLUTE
    _printf_g                                0x00000000   Number         0  stubs.o ABSOLUTE
    _printf_i                                0x00000000   Number         0  stubs.o ABSOLUTE
    _printf_int_dec                          0x00000000   Number         0  stubs.o ABSOLUTE
    _printf_l                                0x00000000   Number         0  stubs.o ABSOLUTE
    _printf_lc                               0x00000000   Number         0  stubs.o ABSOLUTE
    _printf_ll                               0x00000000   Number         0  stubs.o ABSOLUTE
    _printf_lld                              0x00000000   Number         0  stubs.o ABSOLUTE
    _printf_lli                              0x00000000   Number         0  stubs.o ABSOLUTE
    _printf_llo                              0x00000000   Number         0  stubs.o ABSOLUTE
    _printf_llu                              0x00000000   Number         0  stubs.o ABSOLUTE
    _printf_llx                              0x00000000   Number         0  stubs.o ABSOLUTE
    _printf_longlong_dec                     0x00000000   Number         0  stubs.o ABSOLUTE
    _printf_longlong_hex                     0x00000000   Number         0  stubs.o ABSOLUTE
    _printf_longlong_oct                     0x00000000   Number         0  stubs.o ABSOLUTE
    _printf_ls                               0x00000000   Number         0  stubs.o ABSOLUTE
    _printf_mbtowc                           0x00000000   Number         0  stubs.o ABSOLUTE
    _printf_n                                0x00000000   Number         0  stubs.o ABSOLUTE
    _printf_o                                0x00000000   Number         0  stubs.o ABSOLUTE
    _printf_p                                0x00000000   Number         0  stubs.o ABSOLUTE
    _printf_percent                          0x00000000   Number         0  stubs.o ABSOLUTE
    _printf_pre_padding                      0x00000000   Number         0  stubs.o ABSOLUTE
    _printf_return_value                     0x00000000   Number         0  stubs.o ABSOLUTE
    _printf_s                                0x00000000   Number         0  stubs.o ABSOLUTE
    _printf_sizespec                         0x00000000   Number         0  stubs.o ABSOLUTE
    _printf_str                              0x00000000   Number         0  stubs.o ABSOLUTE
    _printf_truncate_signed                  0x00000000   Number         0  stubs.o ABSOLUTE
    _printf_truncate_unsigned                0x00000000   Number         0  stubs.o ABSOLUTE
    _printf_u                                0x00000000   Number         0  stubs.o ABSOLUTE
    _printf_wc                               0x00000000   Number         0  stubs.o ABSOLUTE
    _printf_wctomb                           0x00000000   Number         0  stubs.o ABSOLUTE
    _printf_widthprec                        0x00000000   Number         0  stubs.o ABSOLUTE
    _printf_x                                0x00000000   Number         0  stubs.o ABSOLUTE
    __arm_fini_                               - Undefined Weak Reference
    __cpp_initialize__aeabi_                  - Undefined Weak Reference
    __cxa_finalize                            - Undefined Weak Reference
    _clock_init                               - Undefined Weak Reference
    _microlib_exit                            - Undefined Weak Reference
    __Vectors_Size                           0x000001d8   Number         0  startup_stm32g474xx.o ABSOLUTE
    __Vectors                                0x08000000   Data           4  startup_stm32g474xx.o(RESET)
    __Vectors_End                            0x080001d8   Data           0  startup_stm32g474xx.o(RESET)
    __main                                   0x080001d9   Thumb Code     0  entry.o(.ARM.Collect$$$$00000000)
    _main_stk                                0x080001d9   Thumb Code     0  entry2.o(.ARM.Collect$$$$00000001)
    _main_scatterload                        0x080001dd   Thumb Code     0  entry5.o(.ARM.Collect$$$$00000004)
    __main_after_scatterload                 0x080001e1   Thumb Code     0  entry5.o(.ARM.Collect$$$$00000004)
    _main_clock                              0x080001e1   Thumb Code     0  entry7b.o(.ARM.Collect$$$$00000008)
    _main_cpp_init                           0x080001e1   Thumb Code     0  entry8b.o(.ARM.Collect$$$$0000000A)
    _main_init                               0x080001e1   Thumb Code     0  entry9a.o(.ARM.Collect$$$$0000000B)
    __rt_lib_shutdown_fini                   0x080001e9   Thumb Code     0  entry12b.o(.ARM.Collect$$$$0000000E)
    __rt_final_cpp                           0x080001ed   Thumb Code     0  entry10a.o(.ARM.Collect$$$$0000000F)
    __rt_final_exit                          0x080001ed   Thumb Code     0  entry11a.o(.ARM.Collect$$$$00000011)
    Reset_Handler                            0x080001f1   Thumb Code     8  startup_stm32g474xx.o(.text)
    ADC1_2_IRQHandler                        0x0800020b   Thumb Code     0  startup_stm32g474xx.o(.text)
    ADC3_IRQHandler                          0x0800020b   Thumb Code     0  startup_stm32g474xx.o(.text)
    ADC4_IRQHandler                          0x0800020b   Thumb Code     0  startup_stm32g474xx.o(.text)
    ADC5_IRQHandler                          0x0800020b   Thumb Code     0  startup_stm32g474xx.o(.text)
    COMP1_2_3_IRQHandler                     0x0800020b   Thumb Code     0  startup_stm32g474xx.o(.text)
    COMP4_5_6_IRQHandler                     0x0800020b   Thumb Code     0  startup_stm32g474xx.o(.text)
    COMP7_IRQHandler                         0x0800020b   Thumb Code     0  startup_stm32g474xx.o(.text)
    CORDIC_IRQHandler                        0x0800020b   Thumb Code     0  startup_stm32g474xx.o(.text)
    CRS_IRQHandler                           0x0800020b   Thumb Code     0  startup_stm32g474xx.o(.text)
    DMA1_Channel1_IRQHandler                 0x0800020b   Thumb Code     0  startup_stm32g474xx.o(.text)
    DMA1_Channel2_IRQHandler                 0x0800020b   Thumb Code     0  startup_stm32g474xx.o(.text)
    DMA1_Channel3_IRQHandler                 0x0800020b   Thumb Code     0  startup_stm32g474xx.o(.text)
    DMA1_Channel4_IRQHandler                 0x0800020b   Thumb Code     0  startup_stm32g474xx.o(.text)
    DMA1_Channel5_IRQHandler                 0x0800020b   Thumb Code     0  startup_stm32g474xx.o(.text)
    DMA1_Channel6_IRQHandler                 0x0800020b   Thumb Code     0  startup_stm32g474xx.o(.text)
    DMA1_Channel7_IRQHandler                 0x0800020b   Thumb Code     0  startup_stm32g474xx.o(.text)
    DMA1_Channel8_IRQHandler                 0x0800020b   Thumb Code     0  startup_stm32g474xx.o(.text)
    DMA2_Channel1_IRQHandler                 0x0800020b   Thumb Code     0  startup_stm32g474xx.o(.text)
    DMA2_Channel2_IRQHandler                 0x0800020b   Thumb Code     0  startup_stm32g474xx.o(.text)
    DMA2_Channel3_IRQHandler                 0x0800020b   Thumb Code     0  startup_stm32g474xx.o(.text)
    DMA2_Channel4_IRQHandler                 0x0800020b   Thumb Code     0  startup_stm32g474xx.o(.text)
    DMA2_Channel5_IRQHandler                 0x0800020b   Thumb Code     0  startup_stm32g474xx.o(.text)
    DMA2_Channel6_IRQHandler                 0x0800020b   Thumb Code     0  startup_stm32g474xx.o(.text)
    DMA2_Channel7_IRQHandler                 0x0800020b   Thumb Code     0  startup_stm32g474xx.o(.text)
    DMA2_Channel8_IRQHandler                 0x0800020b   Thumb Code     0  startup_stm32g474xx.o(.text)
    DMAMUX_OVR_IRQHandler                    0x0800020b   Thumb Code     0  startup_stm32g474xx.o(.text)
    EXTI0_IRQHandler                         0x0800020b   Thumb Code     0  startup_stm32g474xx.o(.text)
    EXTI15_10_IRQHandler                     0x0800020b   Thumb Code     0  startup_stm32g474xx.o(.text)
    EXTI1_IRQHandler                         0x0800020b   Thumb Code     0  startup_stm32g474xx.o(.text)
    EXTI2_IRQHandler                         0x0800020b   Thumb Code     0  startup_stm32g474xx.o(.text)
    EXTI3_IRQHandler                         0x0800020b   Thumb Code     0  startup_stm32g474xx.o(.text)
    EXTI4_IRQHandler                         0x0800020b   Thumb Code     0  startup_stm32g474xx.o(.text)
    EXTI9_5_IRQHandler                       0x0800020b   Thumb Code     0  startup_stm32g474xx.o(.text)
    FDCAN1_IT0_IRQHandler                    0x0800020b   Thumb Code     0  startup_stm32g474xx.o(.text)
    FDCAN1_IT1_IRQHandler                    0x0800020b   Thumb Code     0  startup_stm32g474xx.o(.text)
    FDCAN2_IT1_IRQHandler                    0x0800020b   Thumb Code     0  startup_stm32g474xx.o(.text)
    FDCAN3_IT0_IRQHandler                    0x0800020b   Thumb Code     0  startup_stm32g474xx.o(.text)
    FDCAN3_IT1_IRQHandler                    0x0800020b   Thumb Code     0  startup_stm32g474xx.o(.text)
    FLASH_IRQHandler                         0x0800020b   Thumb Code     0  startup_stm32g474xx.o(.text)
    FMAC_IRQHandler                          0x0800020b   Thumb Code     0  startup_stm32g474xx.o(.text)
    FMC_IRQHandler                           0x0800020b   Thumb Code     0  startup_stm32g474xx.o(.text)
    FPU_IRQHandler                           0x0800020b   Thumb Code     0  startup_stm32g474xx.o(.text)
    HRTIM1_FLT_IRQHandler                    0x0800020b   Thumb Code     0  startup_stm32g474xx.o(.text)
    HRTIM1_TIMA_IRQHandler                   0x0800020b   Thumb Code     0  startup_stm32g474xx.o(.text)
    HRTIM1_TIMB_IRQHandler                   0x0800020b   Thumb Code     0  startup_stm32g474xx.o(.text)
    HRTIM1_TIMC_IRQHandler                   0x0800020b   Thumb Code     0  startup_stm32g474xx.o(.text)
    HRTIM1_TIMD_IRQHandler                   0x0800020b   Thumb Code     0  startup_stm32g474xx.o(.text)
    HRTIM1_TIME_IRQHandler                   0x0800020b   Thumb Code     0  startup_stm32g474xx.o(.text)
    HRTIM1_TIMF_IRQHandler                   0x0800020b   Thumb Code     0  startup_stm32g474xx.o(.text)
    I2C1_ER_IRQHandler                       0x0800020b   Thumb Code     0  startup_stm32g474xx.o(.text)
    I2C1_EV_IRQHandler                       0x0800020b   Thumb Code     0  startup_stm32g474xx.o(.text)
    I2C2_ER_IRQHandler                       0x0800020b   Thumb Code     0  startup_stm32g474xx.o(.text)
    I2C2_EV_IRQHandler                       0x0800020b   Thumb Code     0  startup_stm32g474xx.o(.text)
    I2C3_ER_IRQHandler                       0x0800020b   Thumb Code     0  startup_stm32g474xx.o(.text)
    I2C3_EV_IRQHandler                       0x0800020b   Thumb Code     0  startup_stm32g474xx.o(.text)
    I2C4_ER_IRQHandler                       0x0800020b   Thumb Code     0  startup_stm32g474xx.o(.text)
    I2C4_EV_IRQHandler                       0x0800020b   Thumb Code     0  startup_stm32g474xx.o(.text)
    LPTIM1_IRQHandler                        0x0800020b   Thumb Code     0  startup_stm32g474xx.o(.text)
    LPUART1_IRQHandler                       0x0800020b   Thumb Code     0  startup_stm32g474xx.o(.text)
    PVD_PVM_IRQHandler                       0x0800020b   Thumb Code     0  startup_stm32g474xx.o(.text)
    QUADSPI_IRQHandler                       0x0800020b   Thumb Code     0  startup_stm32g474xx.o(.text)
    RCC_IRQHandler                           0x0800020b   Thumb Code     0  startup_stm32g474xx.o(.text)
    RNG_IRQHandler                           0x0800020b   Thumb Code     0  startup_stm32g474xx.o(.text)
    RTC_Alarm_IRQHandler                     0x0800020b   Thumb Code     0  startup_stm32g474xx.o(.text)
    RTC_TAMP_LSECSS_IRQHandler               0x0800020b   Thumb Code     0  startup_stm32g474xx.o(.text)
    RTC_WKUP_IRQHandler                      0x0800020b   Thumb Code     0  startup_stm32g474xx.o(.text)
    SAI1_IRQHandler                          0x0800020b   Thumb Code     0  startup_stm32g474xx.o(.text)
    SPI1_IRQHandler                          0x0800020b   Thumb Code     0  startup_stm32g474xx.o(.text)
    SPI2_IRQHandler                          0x0800020b   Thumb Code     0  startup_stm32g474xx.o(.text)
    SPI3_IRQHandler                          0x0800020b   Thumb Code     0  startup_stm32g474xx.o(.text)
    SPI4_IRQHandler                          0x0800020b   Thumb Code     0  startup_stm32g474xx.o(.text)
    TIM1_BRK_TIM15_IRQHandler                0x0800020b   Thumb Code     0  startup_stm32g474xx.o(.text)
    TIM1_CC_IRQHandler                       0x0800020b   Thumb Code     0  startup_stm32g474xx.o(.text)
    TIM1_TRG_COM_TIM17_IRQHandler            0x0800020b   Thumb Code     0  startup_stm32g474xx.o(.text)
    TIM1_UP_TIM16_IRQHandler                 0x0800020b   Thumb Code     0  startup_stm32g474xx.o(.text)
    TIM20_BRK_IRQHandler                     0x0800020b   Thumb Code     0  startup_stm32g474xx.o(.text)
    TIM20_CC_IRQHandler                      0x0800020b   Thumb Code     0  startup_stm32g474xx.o(.text)
    TIM20_TRG_COM_IRQHandler                 0x0800020b   Thumb Code     0  startup_stm32g474xx.o(.text)
    TIM20_UP_IRQHandler                      0x0800020b   Thumb Code     0  startup_stm32g474xx.o(.text)
    TIM3_IRQHandler                          0x0800020b   Thumb Code     0  startup_stm32g474xx.o(.text)
    TIM4_IRQHandler                          0x0800020b   Thumb Code     0  startup_stm32g474xx.o(.text)
    TIM5_IRQHandler                          0x0800020b   Thumb Code     0  startup_stm32g474xx.o(.text)
    TIM6_DAC_IRQHandler                      0x0800020b   Thumb Code     0  startup_stm32g474xx.o(.text)
    TIM7_DAC_IRQHandler                      0x0800020b   Thumb Code     0  startup_stm32g474xx.o(.text)
    TIM8_BRK_IRQHandler                      0x0800020b   Thumb Code     0  startup_stm32g474xx.o(.text)
    TIM8_CC_IRQHandler                       0x0800020b   Thumb Code     0  startup_stm32g474xx.o(.text)
    TIM8_TRG_COM_IRQHandler                  0x0800020b   Thumb Code     0  startup_stm32g474xx.o(.text)
    TIM8_UP_IRQHandler                       0x0800020b   Thumb Code     0  startup_stm32g474xx.o(.text)
    UART4_IRQHandler                         0x0800020b   Thumb Code     0  startup_stm32g474xx.o(.text)
    UART5_IRQHandler                         0x0800020b   Thumb Code     0  startup_stm32g474xx.o(.text)
    UCPD1_IRQHandler                         0x0800020b   Thumb Code     0  startup_stm32g474xx.o(.text)
    USART1_IRQHandler                        0x0800020b   Thumb Code     0  startup_stm32g474xx.o(.text)
    USART2_IRQHandler                        0x0800020b   Thumb Code     0  startup_stm32g474xx.o(.text)
    USART3_IRQHandler                        0x0800020b   Thumb Code     0  startup_stm32g474xx.o(.text)
    USBWakeUp_IRQHandler                     0x0800020b   Thumb Code     0  startup_stm32g474xx.o(.text)
    USB_HP_IRQHandler                        0x0800020b   Thumb Code     0  startup_stm32g474xx.o(.text)
    USB_LP_IRQHandler                        0x0800020b   Thumb Code     0  startup_stm32g474xx.o(.text)
    WWDG_IRQHandler                          0x0800020b   Thumb Code     0  startup_stm32g474xx.o(.text)
    __aeabi_uldivmod                         0x08000215   Thumb Code    98  uldiv.o(.text)
    __aeabi_memset                           0x08000277   Thumb Code    14  memseta.o(.text)
    __aeabi_memset4                          0x08000277   Thumb Code     0  memseta.o(.text)
    __aeabi_memset8                          0x08000277   Thumb Code     0  memseta.o(.text)
    __aeabi_memclr                           0x08000285   Thumb Code     4  memseta.o(.text)
    __aeabi_memclr4                          0x08000285   Thumb Code     0  memseta.o(.text)
    __aeabi_memclr8                          0x08000285   Thumb Code     0  memseta.o(.text)
    _memset$wrapper                          0x08000289   Thumb Code    18  memseta.o(.text)
    __aeabi_dadd                             0x0800029b   Thumb Code   322  dadd.o(.text)
    __aeabi_dsub                             0x080003dd   Thumb Code     6  dadd.o(.text)
    __aeabi_drsub                            0x080003e3   Thumb Code     6  dadd.o(.text)
    __aeabi_dmul                             0x080003e9   Thumb Code   228  dmul.o(.text)
    __aeabi_f2d                              0x080004cd   Thumb Code    38  f2d.o(.text)
    __aeabi_d2f                              0x080004f3   Thumb Code    56  d2f.o(.text)
    __aeabi_uidiv                            0x0800052b   Thumb Code     0  uidiv.o(.text)
    __aeabi_uidivmod                         0x0800052b   Thumb Code    44  uidiv.o(.text)
    __aeabi_llsl                             0x08000557   Thumb Code    30  llshl.o(.text)
    _ll_shift_l                              0x08000557   Thumb Code     0  llshl.o(.text)
    __aeabi_llsr                             0x08000575   Thumb Code    32  llushr.o(.text)
    _ll_ushift_r                             0x08000575   Thumb Code     0  llushr.o(.text)
    __aeabi_lasr                             0x08000595   Thumb Code    36  llsshr.o(.text)
    _ll_sshift_r                             0x08000595   Thumb Code     0  llsshr.o(.text)
    __I$use$fp                               0x080005b9   Thumb Code     0  iusefp.o(.text)
    _float_round                             0x080005b9   Thumb Code    18  fepilogue.o(.text)
    _float_epilogue                          0x080005cb   Thumb Code    92  fepilogue.o(.text)
    _double_round                            0x08000627   Thumb Code    30  depilogue.o(.text)
    _double_epilogue                         0x08000645   Thumb Code   156  depilogue.o(.text)
    __aeabi_ddiv                             0x080006e1   Thumb Code   222  ddiv.o(.text)
    __aeabi_d2ulz                            0x080007bf   Thumb Code    48  dfixul.o(.text)
    __aeabi_cdrcmple                         0x080007f1   Thumb Code    48  cdrcmple.o(.text)
    __scatterload                            0x08000821   Thumb Code    28  init.o(.text)
    __scatterload_rt2                        0x08000821   Thumb Code     0  init.o(.text)
    __decompress                             0x08000845   Thumb Code     0  __dczerorl2.o(.text)
    __decompress1                            0x08000845   Thumb Code    86  __dczerorl2.o(.text)
    Long Thumb to Thumb Veneer to ADCSample  0x0800089b   Thumb Code    10  anon$$obj.o(Veneer$$Code)
    Long Thumb to Thumb Veneer to BuckBoostVLoopCtlPID 0x080008a5   Thumb Code    10  anon$$obj.o(Veneer$$Code)
    Long Thumb to Thumb Veneer to PID_clear  0x080008af   Thumb Code    10  anon$$obj.o(Veneer$$Code)
    ADC_Calib_Start                          0x080008b9   Thumb Code    98  adc.o(i.ADC_Calib_Start)
    ADC_DMAConvCplt                          0x08000945   Thumb Code   130  stm32g4xx_hal_adc.o(i.ADC_DMAConvCplt)
    ADC_DMAError                             0x080009c7   Thumb Code    26  stm32g4xx_hal_adc.o(i.ADC_DMAError)
    ADC_DMAHalfConvCplt                      0x080009e1   Thumb Code    10  stm32g4xx_hal_adc.o(i.ADC_DMAHalfConvCplt)
    ADC_Disable                              0x080009ed   Thumb Code   126  stm32g4xx_hal_adc.o(i.ADC_Disable)
    ADC_Enable                               0x08000a6b   Thumb Code   134  stm32g4xx_hal_adc.o(i.ADC_Enable)
    ADC_Linear_calibration_init              0x08000af1   Thumb Code   158  power_ctrl.o(i.ADC_Linear_calibration_init)
    BBMode                                   0x08000b91   Thumb Code   118  function.o(i.BBMode)
    BusFault_Handler                         0x08000c21   Thumb Code     2  stm32g4xx_it.o(i.BusFault_Handler)
    CAN_cmd_powerctrl                        0x08000c25   Thumb Code   100  can_receive.o(i.CAN_cmd_powerctrl)
    DebugMon_Handler                         0x08000ca1   Thumb Code     2  stm32g4xx_it.o(i.DebugMon_Handler)
    Error_Handler                            0x08000ca5   Thumb Code    62  main.o(i.Error_Handler)
    FDCAN2_IT0_IRQHandler                    0x08000ced   Thumb Code     6  stm32g4xx_it.o(i.FDCAN2_IT0_IRQHandler)
    HAL_ADCEx_Calibration_Start              0x08000f85   Thumb Code   140  stm32g4xx_hal_adc_ex.o(i.HAL_ADCEx_Calibration_Start)
    HAL_ADCEx_MultiModeConfigChannel         0x08001015   Thumb Code   370  stm32g4xx_hal_adc_ex.o(i.HAL_ADCEx_MultiModeConfigChannel)
    HAL_ADC_ConfigChannel                    0x080011a5   Thumb Code  1262  stm32g4xx_hal_adc.o(i.HAL_ADC_ConfigChannel)
    HAL_ADC_ConvCpltCallback                 0x080016bd   Thumb Code     2  stm32g4xx_hal_adc.o(i.HAL_ADC_ConvCpltCallback)
    HAL_ADC_ConvHalfCpltCallback             0x080016bf   Thumb Code     2  stm32g4xx_hal_adc.o(i.HAL_ADC_ConvHalfCpltCallback)
    HAL_ADC_ErrorCallback                    0x080016c1   Thumb Code     2  stm32g4xx_hal_adc.o(i.HAL_ADC_ErrorCallback)
    HAL_ADC_Init                             0x080016c5   Thumb Code   614  stm32g4xx_hal_adc.o(i.HAL_ADC_Init)
    HAL_ADC_MspInit                          0x08001955   Thumb Code   592  adc.o(i.HAL_ADC_MspInit)
    HAL_ADC_Start_DMA                        0x08001bd5   Thumb Code   288  stm32g4xx_hal_adc.o(i.HAL_ADC_Start_DMA)
    HAL_DMA_Init                             0x08001d11   Thumb Code   252  stm32g4xx_hal_dma.o(i.HAL_DMA_Init)
    HAL_DMA_Start_IT                         0x08001e39   Thumb Code   202  stm32g4xx_hal_dma.o(i.HAL_DMA_Start_IT)
    HAL_Delay                                0x08001f05   Thumb Code    34  stm32g4xx_hal.o(i.HAL_Delay)
    HAL_FDCAN_ActivateNotification           0x08001f2d   Thumb Code   292  stm32g4xx_hal_fdcan.o(i.HAL_FDCAN_ActivateNotification)
    HAL_FDCAN_AddMessageToTxFifoQ            0x08002051   Thumb Code   224  stm32g4xx_hal_fdcan.o(i.HAL_FDCAN_AddMessageToTxFifoQ)
    HAL_FDCAN_ConfigFilter                   0x08002135   Thumb Code   102  stm32g4xx_hal_fdcan.o(i.HAL_FDCAN_ConfigFilter)
    HAL_FDCAN_ConfigGlobalFilter             0x0800219b   Thumb Code    64  stm32g4xx_hal_fdcan.o(i.HAL_FDCAN_ConfigGlobalFilter)
    HAL_FDCAN_ErrorCallback                  0x080021db   Thumb Code     2  stm32g4xx_hal_fdcan.o(i.HAL_FDCAN_ErrorCallback)
    HAL_FDCAN_ErrorStatusCallback            0x080021dd   Thumb Code     2  stm32g4xx_hal_fdcan.o(i.HAL_FDCAN_ErrorStatusCallback)
    HAL_FDCAN_GetRxMessage                   0x080021e1   Thumb Code   294  stm32g4xx_hal_fdcan.o(i.HAL_FDCAN_GetRxMessage)
    HAL_FDCAN_HighPriorityMessageCallback    0x0800230d   Thumb Code     2  stm32g4xx_hal_fdcan.o(i.HAL_FDCAN_HighPriorityMessageCallback)
    HAL_FDCAN_IRQHandler                     0x0800230f   Thumb Code   394  stm32g4xx_hal_fdcan.o(i.HAL_FDCAN_IRQHandler)
    HAL_FDCAN_Init                           0x08002499   Thumb Code   552  stm32g4xx_hal_fdcan.o(i.HAL_FDCAN_Init)
    HAL_FDCAN_MspInit                        0x080026d1   Thumb Code   276  fdcan.o(i.HAL_FDCAN_MspInit)
    HAL_FDCAN_RxFifo0Callback                0x080027f1   Thumb Code   100  can_receive.o(i.HAL_FDCAN_RxFifo0Callback)
    HAL_FDCAN_RxFifo1Callback                0x08002861   Thumb Code    86  can_receive.o(i.HAL_FDCAN_RxFifo1Callback)
    HAL_FDCAN_Start                          0x080028c1   Thumb Code    44  stm32g4xx_hal_fdcan.o(i.HAL_FDCAN_Start)
    HAL_FDCAN_TimeoutOccurredCallback        0x080028ed   Thumb Code     2  stm32g4xx_hal_fdcan.o(i.HAL_FDCAN_TimeoutOccurredCallback)
    HAL_FDCAN_TimestampWraparoundCallback    0x080028ef   Thumb Code     2  stm32g4xx_hal_fdcan.o(i.HAL_FDCAN_TimestampWraparoundCallback)
    HAL_FDCAN_TxBufferAbortCallback          0x080028f1   Thumb Code     2  stm32g4xx_hal_fdcan.o(i.HAL_FDCAN_TxBufferAbortCallback)
    HAL_FDCAN_TxBufferCompleteCallback       0x080028f3   Thumb Code     2  stm32g4xx_hal_fdcan.o(i.HAL_FDCAN_TxBufferCompleteCallback)
    HAL_FDCAN_TxEventFifoCallback            0x080028f5   Thumb Code     2  stm32g4xx_hal_fdcan.o(i.HAL_FDCAN_TxEventFifoCallback)
    HAL_FDCAN_TxFifoEmptyCallback            0x080028f7   Thumb Code     2  stm32g4xx_hal_fdcan.o(i.HAL_FDCAN_TxFifoEmptyCallback)
    HAL_FMAC_ErrorCallback                   0x080028f9   Thumb Code     2  stm32g4xx_hal_fmac.o(i.HAL_FMAC_ErrorCallback)
    HAL_FMAC_FilterConfig                    0x080028fb   Thumb Code     6  stm32g4xx_hal_fmac.o(i.HAL_FMAC_FilterConfig)
    HAL_FMAC_FilterConfigCallback            0x08002901   Thumb Code     2  stm32g4xx_hal_fmac.o(i.HAL_FMAC_FilterConfigCallback)
    HAL_FMAC_FilterConfig_my                 0x08002905   Thumb Code   120  iir_filter.o(i.HAL_FMAC_FilterConfig_my)
    HAL_FMAC_FilterStart                     0x0800298d   Thumb Code   236  stm32g4xx_hal_fmac.o(i.HAL_FMAC_FilterStart)
    HAL_FMAC_HalfOutputDataReadyCallback     0x08002a85   Thumb Code     2  stm32g4xx_hal_fmac.o(i.HAL_FMAC_HalfOutputDataReadyCallback)
    HAL_FMAC_Init                            0x08002a89   Thumb Code   150  stm32g4xx_hal_fmac.o(i.HAL_FMAC_Init)
    HAL_FMAC_MspInit                         0x08002b21   Thumb Code    92  fmac.o(i.HAL_FMAC_MspInit)
    HAL_FMAC_OutputDataReadyCallback         0x08002b89   Thumb Code     2  stm32g4xx_hal_fmac.o(i.HAL_FMAC_OutputDataReadyCallback)
    HAL_GPIO_Init                            0x08002b8d   Thumb Code   466  stm32g4xx_hal_gpio.o(i.HAL_GPIO_Init)
    HAL_GPIO_ReadPin                         0x08002d71   Thumb Code    10  stm32g4xx_hal_gpio.o(i.HAL_GPIO_ReadPin)
    HAL_GPIO_WritePin                        0x08002d7b   Thumb Code    10  stm32g4xx_hal_gpio.o(i.HAL_GPIO_WritePin)
    HAL_GetTick                              0x08002d85   Thumb Code     6  stm32g4xx_hal.o(i.HAL_GetTick)
    HAL_HRTIM_ADCPostScalerConfig            0x08002d91   Thumb Code   268  stm32g4xx_hal_hrtim.o(i.HAL_HRTIM_ADCPostScalerConfig)
    HAL_HRTIM_ADCTriggerConfig               0x08002e9d   Thumb Code   582  stm32g4xx_hal_hrtim.o(i.HAL_HRTIM_ADCTriggerConfig)
    HAL_HRTIM_BurstDMAConfig                 0x080030e3   Thumb Code   150  stm32g4xx_hal_hrtim.o(i.HAL_HRTIM_BurstDMAConfig)
    HAL_HRTIM_Capture1EventCallback          0x08003179   Thumb Code     2  stm32g4xx_hal_hrtim.o(i.HAL_HRTIM_Capture1EventCallback)
    HAL_HRTIM_Capture2EventCallback          0x0800317b   Thumb Code     2  stm32g4xx_hal_hrtim.o(i.HAL_HRTIM_Capture2EventCallback)
    HAL_HRTIM_Compare1EventCallback          0x0800317d   Thumb Code     2  stm32g4xx_hal_hrtim.o(i.HAL_HRTIM_Compare1EventCallback)
    HAL_HRTIM_Compare2EventCallback          0x0800317f   Thumb Code     2  stm32g4xx_hal_hrtim.o(i.HAL_HRTIM_Compare2EventCallback)
    HAL_HRTIM_Compare3EventCallback          0x08003181   Thumb Code     2  stm32g4xx_hal_hrtim.o(i.HAL_HRTIM_Compare3EventCallback)
    HAL_HRTIM_Compare4EventCallback          0x08003183   Thumb Code     2  stm32g4xx_hal_hrtim.o(i.HAL_HRTIM_Compare4EventCallback)
    HAL_HRTIM_CounterResetCallback           0x08003185   Thumb Code     2  stm32g4xx_hal_hrtim.o(i.HAL_HRTIM_CounterResetCallback)
    HAL_HRTIM_DLLCalibrationStart            0x08003187   Thumb Code   114  stm32g4xx_hal_hrtim.o(i.HAL_HRTIM_DLLCalibrationStart)
    HAL_HRTIM_DelayedProtectionCallback      0x080031f9   Thumb Code     2  stm32g4xx_hal_hrtim.o(i.HAL_HRTIM_DelayedProtectionCallback)
    HAL_HRTIM_ErrorCallback                  0x080031fb   Thumb Code     2  stm32g4xx_hal_hrtim.o(i.HAL_HRTIM_ErrorCallback)
    HAL_HRTIM_Init                           0x080031fd   Thumb Code   194  stm32g4xx_hal_hrtim.o(i.HAL_HRTIM_Init)
    HAL_HRTIM_MspInit                        0x080032c5   Thumb Code   116  hrtim.o(i.HAL_HRTIM_MspInit)
    HAL_HRTIM_Output1ResetCallback           0x08003345   Thumb Code     2  stm32g4xx_hal_hrtim.o(i.HAL_HRTIM_Output1ResetCallback)
    HAL_HRTIM_Output1SetCallback             0x08003347   Thumb Code     2  stm32g4xx_hal_hrtim.o(i.HAL_HRTIM_Output1SetCallback)
    HAL_HRTIM_Output2ResetCallback           0x08003349   Thumb Code     2  stm32g4xx_hal_hrtim.o(i.HAL_HRTIM_Output2ResetCallback)
    HAL_HRTIM_Output2SetCallback             0x0800334b   Thumb Code     2  stm32g4xx_hal_hrtim.o(i.HAL_HRTIM_Output2SetCallback)
    HAL_HRTIM_PollForDLLCalibration          0x0800334d   Thumb Code    78  stm32g4xx_hal_hrtim.o(i.HAL_HRTIM_PollForDLLCalibration)
    HAL_HRTIM_RegistersUpdateCallback        0x0800339b   Thumb Code     2  stm32g4xx_hal_hrtim.o(i.HAL_HRTIM_RegistersUpdateCallback)
    HAL_HRTIM_RepetitionEventCallback        0x0800339d   Thumb Code     2  stm32g4xx_hal_hrtim.o(i.HAL_HRTIM_RepetitionEventCallback)
    HAL_HRTIM_SynchronizationEventCallback   0x0800339f   Thumb Code     2  stm32g4xx_hal_hrtim.o(i.HAL_HRTIM_SynchronizationEventCallback)
    HAL_HRTIM_TimeBaseConfig                 0x080033a1   Thumb Code   146  stm32g4xx_hal_hrtim.o(i.HAL_HRTIM_TimeBaseConfig)
    HAL_HRTIM_WaveformCompareConfig          0x08003435   Thumb Code   382  stm32g4xx_hal_hrtim.o(i.HAL_HRTIM_WaveformCompareConfig)
    HAL_HRTIM_WaveformCountStart             0x080035b3   Thumb Code    50  stm32g4xx_hal_hrtim.o(i.HAL_HRTIM_WaveformCountStart)
    HAL_HRTIM_WaveformCountStart_DMA         0x080035e5   Thumb Code   234  stm32g4xx_hal_hrtim.o(i.HAL_HRTIM_WaveformCountStart_DMA)
    HAL_HRTIM_WaveformCountStart_IT          0x080036e1   Thumb Code   144  stm32g4xx_hal_hrtim.o(i.HAL_HRTIM_WaveformCountStart_IT)
    HAL_HRTIM_WaveformOutputConfig           0x08003775   Thumb Code    56  stm32g4xx_hal_hrtim.o(i.HAL_HRTIM_WaveformOutputConfig)
    HAL_HRTIM_WaveformOutputStart            0x080037ad   Thumb Code    52  stm32g4xx_hal_hrtim.o(i.HAL_HRTIM_WaveformOutputStart)
    HAL_HRTIM_WaveformOutputStop             0x080037e1   Thumb Code    52  stm32g4xx_hal_hrtim.o(i.HAL_HRTIM_WaveformOutputStop)
    HAL_HRTIM_WaveformTimerConfig            0x08003815   Thumb Code   802  stm32g4xx_hal_hrtim.o(i.HAL_HRTIM_WaveformTimerConfig)
    HAL_HRTIM_WaveformTimerControl           0x08003b37   Thumb Code   228  stm32g4xx_hal_hrtim.o(i.HAL_HRTIM_WaveformTimerControl)
    HAL_IncTick                              0x08003c1d   Thumb Code    12  stm32g4xx_hal.o(i.HAL_IncTick)
    HAL_Init                                 0x08003c2d   Thumb Code    30  stm32g4xx_hal.o(i.HAL_Init)
    HAL_InitTick                             0x08003c4d   Thumb Code    58  stm32g4xx_hal.o(i.HAL_InitTick)
    HAL_MspInit                              0x08003c91   Thumb Code    42  stm32g4xx_hal_msp.o(i.HAL_MspInit)
    HAL_NVIC_EnableIRQ                       0x08003cc1   Thumb Code    30  stm32g4xx_hal_cortex.o(i.HAL_NVIC_EnableIRQ)
    HAL_NVIC_SetPriority                     0x08003ce1   Thumb Code    96  stm32g4xx_hal_cortex.o(i.HAL_NVIC_SetPriority)
    HAL_NVIC_SetPriorityGrouping             0x08003d45   Thumb Code    30  stm32g4xx_hal_cortex.o(i.HAL_NVIC_SetPriorityGrouping)
    HAL_OPAMP_Init                           0x08003d69   Thumb Code   228  stm32g4xx_hal_opamp.o(i.HAL_OPAMP_Init)
    HAL_OPAMP_MspInit                        0x08003e55   Thumb Code   218  opamp.o(i.HAL_OPAMP_MspInit)
    HAL_OPAMP_SelfCalibrate                  0x08003f4d   Thumb Code   342  stm32g4xx_hal_opamp.o(i.HAL_OPAMP_SelfCalibrate)
    HAL_OPAMP_Start                          0x080040a3   Thumb Code    46  stm32g4xx_hal_opamp.o(i.HAL_OPAMP_Start)
    HAL_PWREx_ControlVoltageScaling          0x080040d1   Thumb Code   180  stm32g4xx_hal_pwr_ex.o(i.HAL_PWREx_ControlVoltageScaling)
    HAL_PWREx_DisableUCPDDeadBattery         0x08004191   Thumb Code    12  stm32g4xx_hal_pwr_ex.o(i.HAL_PWREx_DisableUCPDDeadBattery)
    HAL_RCCEx_PeriphCLKConfig                0x080041a1   Thumb Code   826  stm32g4xx_hal_rcc_ex.o(i.HAL_RCCEx_PeriphCLKConfig)
    HAL_RCC_ClockConfig                      0x080044e5   Thumb Code   488  stm32g4xx_hal_rcc.o(i.HAL_RCC_ClockConfig)
    HAL_RCC_GetPCLK1Freq                     0x080046ed   Thumb Code    24  stm32g4xx_hal_rcc.o(i.HAL_RCC_GetPCLK1Freq)
    HAL_RCC_GetPCLK2Freq                     0x08004711   Thumb Code    24  stm32g4xx_hal_rcc.o(i.HAL_RCC_GetPCLK2Freq)
    HAL_RCC_GetSysClockFreq                  0x08004735   Thumb Code   100  stm32g4xx_hal_rcc.o(i.HAL_RCC_GetSysClockFreq)
    HAL_RCC_OscConfig                        0x080047a5   Thumb Code  1226  stm32g4xx_hal_rcc.o(i.HAL_RCC_OscConfig)
    HAL_SPI_Init                             0x08004c6f   Thumb Code   264  stm32g4xx_hal_spi.o(i.HAL_SPI_Init)
    HAL_SPI_MspInit                          0x08004d79   Thumb Code   156  spi.o(i.HAL_SPI_MspInit)
    HAL_SPI_Transmit                         0x08004e21   Thumb Code   466  stm32g4xx_hal_spi.o(i.HAL_SPI_Transmit)
    HAL_SYSTICK_Config                       0x08004ff5   Thumb Code    38  stm32g4xx_hal_cortex.o(i.HAL_SYSTICK_Config)
    HAL_TIMEx_Break2Callback                 0x08005021   Thumb Code     2  stm32g4xx_hal_tim_ex.o(i.HAL_TIMEx_Break2Callback)
    HAL_TIMEx_BreakCallback                  0x08005023   Thumb Code     2  stm32g4xx_hal_tim_ex.o(i.HAL_TIMEx_BreakCallback)
    HAL_TIMEx_CommutCallback                 0x08005025   Thumb Code     2  stm32g4xx_hal_tim_ex.o(i.HAL_TIMEx_CommutCallback)
    HAL_TIMEx_ConfigBreakDeadTime            0x08005029   Thumb Code   186  stm32g4xx_hal_tim_ex.o(i.HAL_TIMEx_ConfigBreakDeadTime)
    HAL_TIMEx_DirectionChangeCallback        0x080050f1   Thumb Code     2  stm32g4xx_hal_tim_ex.o(i.HAL_TIMEx_DirectionChangeCallback)
    HAL_TIMEx_EncoderIndexCallback           0x080050f3   Thumb Code     2  stm32g4xx_hal_tim_ex.o(i.HAL_TIMEx_EncoderIndexCallback)
    HAL_TIMEx_IndexErrorCallback             0x080050f5   Thumb Code     2  stm32g4xx_hal_tim_ex.o(i.HAL_TIMEx_IndexErrorCallback)
    HAL_TIMEx_MasterConfigSynchronization    0x080050f9   Thumb Code   174  stm32g4xx_hal_tim_ex.o(i.HAL_TIMEx_MasterConfigSynchronization)
    HAL_TIMEx_TransitionErrorCallback        0x080051b5   Thumb Code     2  stm32g4xx_hal_tim_ex.o(i.HAL_TIMEx_TransitionErrorCallback)
    HAL_TIM_Base_Init                        0x080051b7   Thumb Code    98  stm32g4xx_hal_tim.o(i.HAL_TIM_Base_Init)
    HAL_TIM_Base_MspInit                     0x08005219   Thumb Code    78  tim.o(i.HAL_TIM_Base_MspInit)
    HAL_TIM_Base_Start_IT                    0x0800526d   Thumb Code   136  stm32g4xx_hal_tim.o(i.HAL_TIM_Base_Start_IT)
    HAL_TIM_ConfigClockSource                0x080052f9   Thumb Code   404  stm32g4xx_hal_tim.o(i.HAL_TIM_ConfigClockSource)
    HAL_TIM_IC_CaptureCallback               0x0800548d   Thumb Code     2  stm32g4xx_hal_tim.o(i.HAL_TIM_IC_CaptureCallback)
    HAL_TIM_IRQHandler                       0x0800548f   Thumb Code   514  stm32g4xx_hal_tim.o(i.HAL_TIM_IRQHandler)
    HAL_TIM_OC_DelayElapsedCallback          0x08005691   Thumb Code     2  stm32g4xx_hal_tim.o(i.HAL_TIM_OC_DelayElapsedCallback)
    HAL_TIM_PWM_ConfigChannel                0x08005695   Thumb Code   756  stm32g4xx_hal_tim.o(i.HAL_TIM_PWM_ConfigChannel)
    HAL_TIM_PWM_Init                         0x080059a1   Thumb Code    98  stm32g4xx_hal_tim.o(i.HAL_TIM_PWM_Init)
    HAL_TIM_PWM_MspInit                      0x08005a03   Thumb Code     2  stm32g4xx_hal_tim.o(i.HAL_TIM_PWM_MspInit)
    HAL_TIM_PWM_PulseFinishedCallback        0x08005a05   Thumb Code     2  stm32g4xx_hal_tim.o(i.HAL_TIM_PWM_PulseFinishedCallback)
    HAL_TIM_PWM_Start                        0x08005a09   Thumb Code   284  stm32g4xx_hal_tim.o(i.HAL_TIM_PWM_Start)
    HAL_TIM_PeriodElapsedCallback            0x08005b39   Thumb Code     2  stm32g4xx_hal_tim.o(i.HAL_TIM_PeriodElapsedCallback)
    HAL_TIM_TriggerCallback                  0x08005b3b   Thumb Code     2  stm32g4xx_hal_tim.o(i.HAL_TIM_TriggerCallback)
    HAL_UARTEx_DisableFifoMode               0x08005b3d   Thumb Code    62  stm32g4xx_hal_uart_ex.o(i.HAL_UARTEx_DisableFifoMode)
    HAL_UARTEx_SetRxFifoThreshold            0x08005b7d   Thumb Code   134  stm32g4xx_hal_uart_ex.o(i.HAL_UARTEx_SetRxFifoThreshold)
    HAL_UARTEx_SetTxFifoThreshold            0x08005c09   Thumb Code   134  stm32g4xx_hal_uart_ex.o(i.HAL_UARTEx_SetTxFifoThreshold)
    HAL_UART_Init                            0x08005c95   Thumb Code   110  stm32g4xx_hal_uart.o(i.HAL_UART_Init)
    HAL_UART_MspInit                         0x08005d05   Thumb Code   206  usart.o(i.HAL_UART_MspInit)
    HAL_UART_Transmit                        0x08005ddd   Thumb Code   208  stm32g4xx_hal_uart.o(i.HAL_UART_Transmit)
    HRTIM1_Master_IRQHandler                 0x08005ead   Thumb Code    20  stm32g4xx_it.o(i.HRTIM1_Master_IRQHandler)
    HRTIM_Init                               0x080060e1   Thumb Code    36  hrtim.o(i.HRTIM_Init)
    HardFault_Handler                        0x080061fd   Thumb Code     2  stm32g4xx_it.o(i.HardFault_Handler)
    KEYFlag                                  0x08006201   Thumb Code    98  function.o(i.KEYFlag)
    LEDShow                                  0x08006271   Thumb Code   134  function.o(i.LEDShow)
    MX_ADC1_Init                             0x08006301   Thumb Code   158  adc.o(i.MX_ADC1_Init)
    MX_ADC2_Init                             0x080063a9   Thumb Code   142  adc.o(i.MX_ADC2_Init)
    MX_ADC3_Init                             0x08006445   Thumb Code   166  adc.o(i.MX_ADC3_Init)
    MX_ADC4_Init                             0x080064f9   Thumb Code   144  adc.o(i.MX_ADC4_Init)
    MX_ADC5_Init                             0x08006595   Thumb Code   142  adc.o(i.MX_ADC5_Init)
    MX_DMA_Init                              0x08006631   Thumb Code    40  dma.o(i.MX_DMA_Init)
    MX_FDCAN1_Init                           0x0800665d   Thumb Code    78  fdcan.o(i.MX_FDCAN1_Init)
    MX_FDCAN2_Init                           0x080066b5   Thumb Code    78  fdcan.o(i.MX_FDCAN2_Init)
    MX_FMAC_Init                             0x0800670d   Thumb Code    28  fmac.o(i.MX_FMAC_Init)
    MX_GPIO_Init                             0x08006731   Thumb Code   288  gpio.o(i.MX_GPIO_Init)
    MX_HRTIM1_Init                           0x08006861   Thumb Code   770  hrtim.o(i.MX_HRTIM1_Init)
    MX_LPUART1_UART_Init                     0x08006b7d   Thumb Code    98  usart.o(i.MX_LPUART1_UART_Init)
    MX_OPAMP1_Init                           0x08006be9   Thumb Code    46  opamp.o(i.MX_OPAMP1_Init)
    MX_OPAMP2_Init                           0x08006c21   Thumb Code    46  opamp.o(i.MX_OPAMP2_Init)
    MX_OPAMP3_Init                           0x08006c59   Thumb Code    46  opamp.o(i.MX_OPAMP3_Init)
    MX_OPAMP5_Init                           0x08006c91   Thumb Code    46  opamp.o(i.MX_OPAMP5_Init)
    MX_OPAMP6_Init                           0x08006cc9   Thumb Code    46  opamp.o(i.MX_OPAMP6_Init)
    MX_SPI2_Init                             0x08006d01   Thumb Code    72  spi.o(i.MX_SPI2_Init)
    MX_SPI3_Init                             0x08006d51   Thumb Code    72  spi.o(i.MX_SPI3_Init)
    MX_TIM1_Init                             0x08006da1   Thumb Code   356  tim.o(i.MX_TIM1_Init)
    MX_TIM2_Init                             0x08006f15   Thumb Code    98  tim.o(i.MX_TIM2_Init)
    MX_USART2_UART_Init                      0x08006f81   Thumb Code   100  usart.o(i.MX_USART2_UART_Init)
    MemManage_Handler                        0x08006fed   Thumb Code     2  stm32g4xx_it.o(i.MemManage_Handler)
    NMI_Handler                              0x08006fef   Thumb Code     2  stm32g4xx_it.o(i.NMI_Handler)
    OPAMP_Start                              0x08006ff1   Thumb Code    66  opamp.o(i.OPAMP_Start)
    PID_init                                 0x08007049   Thumb Code    60  pid.o(i.PID_init)
    PendSV_Handler                           0x08007089   Thumb Code     2  stm32g4xx_it.o(i.PendSV_Handler)
    SVC_Handler                              0x0800726d   Thumb Code     2  stm32g4xx_it.o(i.SVC_Handler)
    ShortOff                                 0x08007271   Thumb Code   112  function.o(i.ShortOff)
    StateM                                   0x080072f9   Thumb Code   218  function.o(i.StateM)
    StateMRise                               0x080073f9   Thumb Code   388  function.o(i.StateMRise)
    SwOCP                                    0x080075a9   Thumb Code   136  function.o(i.SwOCP)
    SysTick_Handler                          0x08007649   Thumb Code     4  stm32g4xx_it.o(i.SysTick_Handler)
    SystemClock_Config                       0x0800764d   Thumb Code   236  main.o(i.SystemClock_Config)
    SystemInit                               0x08007741   Thumb Code    12  system_stm32g4xx.o(i.SystemInit)
    TIM1_PWM_Init                            0x08007751   Thumb Code    38  tim.o(i.TIM1_PWM_Init)
    TIM2_IRQHandler                          0x0800777d   Thumb Code    56  stm32g4xx_it.o(i.TIM2_IRQHandler)
    TIM_Base_SetConfig                       0x080077bd   Thumb Code   184  stm32g4xx_hal_tim.o(i.TIM_Base_SetConfig)
    TIM_OC2_SetConfig                        0x0800794d   Thumb Code   146  stm32g4xx_hal_tim.o(i.TIM_OC2_SetConfig)
    UART_AdvFeatureConfig                    0x080079ed   Thumb Code   218  stm32g4xx_hal_uart.o(i.UART_AdvFeatureConfig)
    UART_CheckIdleState                      0x08007ac7   Thumb Code   100  stm32g4xx_hal_uart.o(i.UART_CheckIdleState)
    UART_SetConfig                           0x08007b2d   Thumb Code   660  stm32g4xx_hal_uart.o(i.UART_SetConfig)
    UART_WaitOnFlagUntilTimeout              0x08007dd9   Thumb Code   228  stm32g4xx_hal_uart.o(i.UART_WaitOnFlagUntilTimeout)
    UsageFault_Handler                       0x08007ebd   Thumb Code     2  stm32g4xx_it.o(i.UsageFault_Handler)
    VinSwOVP                                 0x08007ec1   Thumb Code    62  function.o(i.VinSwOVP)
    VinSwUVP                                 0x08007f15   Thumb Code   122  function.o(i.VinSwUVP)
    VoutSwOVP                                0x08007fa9   Thumb Code    62  function.o(i.VoutSwOVP)
    __0printf                                0x08007ffd   Thumb Code    22  printfa.o(i.__0printf)
    __1printf                                0x08007ffd   Thumb Code     0  printfa.o(i.__0printf)
    __2printf                                0x08007ffd   Thumb Code     0  printfa.o(i.__0printf)
    __c89printf                              0x08007ffd   Thumb Code     0  printfa.o(i.__0printf)
    printf                                   0x08007ffd   Thumb Code     0  printfa.o(i.__0printf)
    __scatterload_copy                       0x0800801d   Thumb Code    14  handlers.o(i.__scatterload_copy)
    __scatterload_null                       0x0800802b   Thumb Code     2  handlers.o(i.__scatterload_null)
    __scatterload_zeroinit                   0x0800802d   Thumb Code    14  handlers.o(i.__scatterload_zeroinit)
    can_filter_init                          0x080088c9   Thumb Code   120  fdcan.o(i.can_filter_init)
    fputc                                    0x08008949   Thumb Code    22  main.o(i.fputc)
    ips114_display_chinese                   0x08008965   Thumb Code   304  seekfree_ips114_spi.o(i.ips114_display_chinese)
    ips114_init                              0x08008a9d   Thumb Code  3598  seekfree_ips114_spi.o(i.ips114_init)
    ips114_set_region                        0x08009901   Thumb Code   210  seekfree_ips114_spi.o(i.ips114_set_region)
    ips114_showchar                          0x080099dd   Thumb Code   228  seekfree_ips114_spi.o(i.ips114_showchar)
    ips114_writedata_16bit                   0x08009acd   Thumb Code    78  seekfree_ips114_spi.o(i.ips114_writedata_16bit)
    main                                     0x08009b25   Thumb Code   338  main.o(i.main)
    power_init                               0x08009cf9   Thumb Code   162  power_ctrl.o(i.power_init)
    tft_ascii                                0x08009ddc   Data        1520  seekfree_font.o(.constdata)
    chinese_test                             0x0800a3cc   Data         128  seekfree_font.o(.constdata)
    UARTPrescTable                           0x0800a45c   Data          24  stm32g4xx_hal_uart.o(.constdata)
    AHBPrescTable                            0x0800a484   Data          16  system_stm32g4xx.o(.constdata)
    APBPrescTable                            0x0800a494   Data           8  system_stm32g4xx.o(.constdata)
    Region$$Table$$Base                      0x0800a49c   Number         0  anon$$obj.o(Region$$Table)
    Region$$Table$$Limit                     0x0800a4dc   Number         0  anon$$obj.o(Region$$Table)
    Long Thumb to Thumb Veneer to PID_init   0x10000001   Thumb Code    10  anon$$obj.o(Veneer$$Code)
    ADC_value_to_elec                        0x1000000d   Thumb Code    28  power_ctrl.o(ccmram)
    ADCSample                                0x10000029   Thumb Code   244  power_ctrl.o(ccmram)
    BuckBoostVLoopCtlPID                     0x1000011d   Thumb Code   888  power_ctrl.o(ccmram)
    PID_calc                                 0x10000495   Thumb Code   196  pid.o(ccmram)
    PID_clear                                0x10000559   Thumb Code    52  pid.o(ccmram)
    in                                       0x10000590   Data          12  power_ctrl.o(ccmram)
    full_bridge_in                           0x1000059c   Data          12  power_ctrl.o(ccmram)
    cap                                      0x100005a8   Data          12  power_ctrl.o(ccmram)
    voltageout_loop                          0x100005b4   Data          68  pid.o(ccmram)
    currentout_loop                          0x100005f8   Data          68  pid.o(ccmram)
    powerin_loop                             0x1000063c   Data          68  pid.o(ccmram)
    pid_final                                0x20000000   Data           4  power_ctrl.o(.data)
    capIcalc                                 0x20000004   Data           4  power_ctrl.o(.data)
    HRTIM_DMA_Buffer                         0x20000008   Data           8  power_ctrl.o(.data)
    STState                                  0x2000002c   Data           1  function.o(.data)
    CtrValue                                 0x2000004c   Data          24  function.o(.data)
    CANSendCnt                               0x20000064   Data           2  function.o(.data)
    uwTickPrio                               0x2000007c   Data           4  stm32g4xx_hal.o(.data)
    uwTickFreq                               0x20000080   Data           4  stm32g4xx_hal.o(.data)
    uwTick                                   0x20000084   Data           4  stm32g4xx_hal.o(.data)
    SystemCoreClock                          0x200000a4   Data           4  system_stm32g4xx.o(.data)
    __stdout                                 0x200000a8   Data           4  stdout.o(.data)
    c_in                                     0x200000ac   Data          36  power_ctrl.o(.bss)
    c_cap                                    0x200000d0   Data          36  power_ctrl.o(.bss)
    c_chassis                                0x200000f4   Data          36  power_ctrl.o(.bss)
    v_in                                     0x20000118   Data          36  power_ctrl.o(.bss)
    v_cap                                    0x2000013c   Data          36  power_ctrl.o(.bss)
    DF                                       0x20000214   Data          14  function.o(.bss)
    hadc1                                    0x20000224   Data         108  adc.o(.bss)
    hadc2                                    0x20000290   Data         108  adc.o(.bss)
    hadc3                                    0x200002fc   Data         108  adc.o(.bss)
    hadc4                                    0x20000368   Data         108  adc.o(.bss)
    hadc5                                    0x200003d4   Data         108  adc.o(.bss)
    hdma_adc1                                0x20000440   Data          96  adc.o(.bss)
    hdma_adc2                                0x200004a0   Data          96  adc.o(.bss)
    hdma_adc3                                0x20000500   Data          96  adc.o(.bss)
    hdma_adc4                                0x20000560   Data          96  adc.o(.bss)
    hdma_adc5                                0x200005c0   Data          96  adc.o(.bss)
    hfdcan1                                  0x20000620   Data         100  fdcan.o(.bss)
    hfdcan2                                  0x20000684   Data         100  fdcan.o(.bss)
    hfmac                                    0x200006e8   Data          56  fmac.o(.bss)
    hdma_fmac_read                           0x20000720   Data          96  fmac.o(.bss)
    hhrtim1                                  0x20000780   Data         252  hrtim.o(.bss)
    hdma_hrtim1_m                            0x2000087c   Data          96  hrtim.o(.bss)
    hlpuart1                                 0x200008dc   Data         144  usart.o(.bss)
    huart2                                   0x2000096c   Data         144  usart.o(.bss)
    hopamp1                                  0x200009fc   Data          60  opamp.o(.bss)
    hopamp2                                  0x20000a38   Data          60  opamp.o(.bss)
    hopamp3                                  0x20000a74   Data          60  opamp.o(.bss)
    hopamp5                                  0x20000ab0   Data          60  opamp.o(.bss)
    hopamp6                                  0x20000aec   Data          60  opamp.o(.bss)
    hspi2                                    0x20000b28   Data         100  spi.o(.bss)
    hspi3                                    0x20000b8c   Data         100  spi.o(.bss)
    htim1                                    0x20000bf0   Data          76  tim.o(.bss)
    htim2                                    0x20000c3c   Data          76  tim.o(.bss)
    __initial_sp                             0x20001088   Data           0  startup_stm32g474xx.o(STACK)



==============================================================================

Memory Map of the image

  Image Entry point : 0x080001d9

  Load Region LR_IROM1 (Base: 0x08000000, Size: 0x0000ac08, Max: 0x00080000, ABSOLUTE)

    Execution Region ER_IROM1 (Exec base: 0x08000000, Load base: 0x08000000, Size: 0x0000a4dc, Max: 0x00080000, ABSOLUTE)

    Exec Addr    Load Addr    Size         Type   Attr      Idx    E Section Name        Object

    0x08000000   0x08000000   0x000001d8   Data   RO            3    RESET               startup_stm32g474xx.o
    0x080001d8   0x080001d8   0x00000000   Code   RO         6679  * .ARM.Collect$$$$00000000  mc_w.l(entry.o)
    0x080001d8   0x080001d8   0x00000004   Code   RO         6955    .ARM.Collect$$$$00000001  mc_w.l(entry2.o)
    0x080001dc   0x080001dc   0x00000004   Code   RO         6958    .ARM.Collect$$$$00000004  mc_w.l(entry5.o)
    0x080001e0   0x080001e0   0x00000000   Code   RO         6960    .ARM.Collect$$$$00000008  mc_w.l(entry7b.o)
    0x080001e0   0x080001e0   0x00000000   Code   RO         6962    .ARM.Collect$$$$0000000A  mc_w.l(entry8b.o)
    0x080001e0   0x080001e0   0x00000008   Code   RO         6963    .ARM.Collect$$$$0000000B  mc_w.l(entry9a.o)
    0x080001e8   0x080001e8   0x00000004   Code   RO         6970    .ARM.Collect$$$$0000000E  mc_w.l(entry12b.o)
    0x080001ec   0x080001ec   0x00000000   Code   RO         6965    .ARM.Collect$$$$0000000F  mc_w.l(entry10a.o)
    0x080001ec   0x080001ec   0x00000000   Code   RO         6967    .ARM.Collect$$$$00000011  mc_w.l(entry11a.o)
    0x080001ec   0x080001ec   0x00000004   Code   RO         6956    .ARM.Collect$$$$00002712  mc_w.l(entry2.o)
    0x080001f0   0x080001f0   0x00000024   Code   RO            4    .text               startup_stm32g474xx.o
    0x08000214   0x08000214   0x00000062   Code   RO         6682    .text               mc_w.l(uldiv.o)
    0x08000276   0x08000276   0x00000024   Code   RO         6684    .text               mc_w.l(memseta.o)
    0x0800029a   0x0800029a   0x0000014e   Code   RO         6947    .text               mf_w.l(dadd.o)
    0x080003e8   0x080003e8   0x000000e4   Code   RO         6949    .text               mf_w.l(dmul.o)
    0x080004cc   0x080004cc   0x00000026   Code   RO         6951    .text               mf_w.l(f2d.o)
    0x080004f2   0x080004f2   0x00000038   Code   RO         6953    .text               mf_w.l(d2f.o)
    0x0800052a   0x0800052a   0x0000002c   Code   RO         6972    .text               mc_w.l(uidiv.o)
    0x08000556   0x08000556   0x0000001e   Code   RO         6974    .text               mc_w.l(llshl.o)
    0x08000574   0x08000574   0x00000020   Code   RO         6976    .text               mc_w.l(llushr.o)
    0x08000594   0x08000594   0x00000024   Code   RO         6978    .text               mc_w.l(llsshr.o)
    0x080005b8   0x080005b8   0x00000000   Code   RO         6980    .text               mc_w.l(iusefp.o)
    0x080005b8   0x080005b8   0x0000006e   Code   RO         6981    .text               mf_w.l(fepilogue.o)
    0x08000626   0x08000626   0x000000ba   Code   RO         6983    .text               mf_w.l(depilogue.o)
    0x080006e0   0x080006e0   0x000000de   Code   RO         6985    .text               mf_w.l(ddiv.o)
    0x080007be   0x080007be   0x00000030   Code   RO         6987    .text               mf_w.l(dfixul.o)
    0x080007ee   0x080007ee   0x00000002   PAD
    0x080007f0   0x080007f0   0x00000030   Code   RO         6989    .text               mf_w.l(cdrcmple.o)
    0x08000820   0x08000820   0x00000024   Code   RO         6991    .text               mc_w.l(init.o)
    0x08000844   0x08000844   0x00000056   Code   RO         7001    .text               mc_w.l(__dczerorl2.o)
    0x0800089a   0x0800089a   0x0000000a   Ven    RO         7003    Veneer$$Code        anon$$obj.o
    0x080008a4   0x080008a4   0x0000000a   Ven    RO         7004    Veneer$$Code        anon$$obj.o
    0x080008ae   0x080008ae   0x0000000a   Ven    RO         7005    Veneer$$Code        anon$$obj.o
    0x080008b8   0x080008b8   0x0000008c   Code   RO          788    i.ADC_Calib_Start   adc.o
    0x08000944   0x08000944   0x00000082   Code   RO         1383    i.ADC_DMAConvCplt   stm32g4xx_hal_adc.o
    0x080009c6   0x080009c6   0x0000001a   Code   RO         1384    i.ADC_DMAError      stm32g4xx_hal_adc.o
    0x080009e0   0x080009e0   0x0000000a   Code   RO         1385    i.ADC_DMAHalfConvCplt  stm32g4xx_hal_adc.o
    0x080009ea   0x080009ea   0x00000002   PAD
    0x080009ec   0x080009ec   0x0000007e   Code   RO         1386    i.ADC_Disable       stm32g4xx_hal_adc.o
    0x08000a6a   0x08000a6a   0x00000086   Code   RO         1387    i.ADC_Enable        stm32g4xx_hal_adc.o
    0x08000af0   0x08000af0   0x0000009e   Code   RO           14    i.ADC_Linear_calibration_init  power_ctrl.o
    0x08000b8e   0x08000b8e   0x00000002   PAD
    0x08000b90   0x08000b90   0x00000090   Code   RO          530    i.BBMode            function.o
    0x08000c20   0x08000c20   0x00000002   Code   RO         1264    i.BusFault_Handler  stm32g4xx_it.o
    0x08000c22   0x08000c22   0x00000002   PAD
    0x08000c24   0x08000c24   0x0000007c   Code   RO          448    i.CAN_cmd_powerctrl  can_receive.o
    0x08000ca0   0x08000ca0   0x00000002   Code   RO         1265    i.DebugMon_Handler  stm32g4xx_it.o
    0x08000ca2   0x08000ca2   0x00000002   PAD
    0x08000ca4   0x08000ca4   0x00000048   Code   RO          691    i.Error_Handler     main.o
    0x08000cec   0x08000cec   0x0000000c   Code   RO         1266    i.FDCAN2_IT0_IRQHandler  stm32g4xx_it.o
    0x08000cf8   0x08000cf8   0x00000018   Code   RO         3588    i.FMAC_DMAError     stm32g4xx_hal_fmac.o
    0x08000d10   0x08000d10   0x00000084   Code   RO         3589    i.FMAC_DMAFilterConfig  stm32g4xx_hal_fmac.o
    0x08000d94   0x08000d94   0x0000000a   Code   RO         3593    i.FMAC_DMAHalfOutputDataReady  stm32g4xx_hal_fmac.o
    0x08000d9e   0x08000d9e   0x00000018   Code   RO         3594    i.FMAC_DMAOutputDataReady  stm32g4xx_hal_fmac.o
    0x08000db6   0x08000db6   0x00000002   PAD
    0x08000db8   0x08000db8   0x000001cc   Code   RO         3595    i.FMAC_FilterConfig  stm32g4xx_hal_fmac.o
    0x08000f84   0x08000f84   0x00000090   Code   RO         1585    i.HAL_ADCEx_Calibration_Start  stm32g4xx_hal_adc_ex.o
    0x08001014   0x08001014   0x00000190   Code   RO         1602    i.HAL_ADCEx_MultiModeConfigChannel  stm32g4xx_hal_adc_ex.o
    0x080011a4   0x080011a4   0x00000518   Code   RO         1389    i.HAL_ADC_ConfigChannel  stm32g4xx_hal_adc.o
    0x080016bc   0x080016bc   0x00000002   Code   RO         1390    i.HAL_ADC_ConvCpltCallback  stm32g4xx_hal_adc.o
    0x080016be   0x080016be   0x00000002   Code   RO         1391    i.HAL_ADC_ConvHalfCpltCallback  stm32g4xx_hal_adc.o
    0x080016c0   0x080016c0   0x00000002   Code   RO         1393    i.HAL_ADC_ErrorCallback  stm32g4xx_hal_adc.o
    0x080016c2   0x080016c2   0x00000002   PAD
    0x080016c4   0x080016c4   0x00000290   Code   RO         1398    i.HAL_ADC_Init      stm32g4xx_hal_adc.o
    0x08001954   0x08001954   0x00000280   Code   RO          790    i.HAL_ADC_MspInit   adc.o
    0x08001bd4   0x08001bd4   0x0000013c   Code   RO         1406    i.HAL_ADC_Start_DMA  stm32g4xx_hal_adc.o
    0x08001d10   0x08001d10   0x00000128   Code   RO         2592    i.HAL_DMA_Init      stm32g4xx_hal_dma.o
    0x08001e38   0x08001e38   0x000000ca   Code   RO         2596    i.HAL_DMA_Start_IT  stm32g4xx_hal_dma.o
    0x08001f02   0x08001f02   0x00000002   PAD
    0x08001f04   0x08001f04   0x00000028   Code   RO         1776    i.HAL_Delay         stm32g4xx_hal.o
    0x08001f2c   0x08001f2c   0x00000124   Code   RO         3209    i.HAL_FDCAN_ActivateNotification  stm32g4xx_hal_fdcan.o
    0x08002050   0x08002050   0x000000e4   Code   RO         3210    i.HAL_FDCAN_AddMessageToTxFifoQ  stm32g4xx_hal_fdcan.o
    0x08002134   0x08002134   0x00000066   Code   RO         3212    i.HAL_FDCAN_ConfigFilter  stm32g4xx_hal_fdcan.o
    0x0800219a   0x0800219a   0x00000040   Code   RO         3213    i.HAL_FDCAN_ConfigGlobalFilter  stm32g4xx_hal_fdcan.o
    0x080021da   0x080021da   0x00000002   Code   RO         3233    i.HAL_FDCAN_ErrorCallback  stm32g4xx_hal_fdcan.o
    0x080021dc   0x080021dc   0x00000002   Code   RO         3234    i.HAL_FDCAN_ErrorStatusCallback  stm32g4xx_hal_fdcan.o
    0x080021de   0x080021de   0x00000002   PAD
    0x080021e0   0x080021e0   0x0000012c   Code   RO         3243    i.HAL_FDCAN_GetRxMessage  stm32g4xx_hal_fdcan.o
    0x0800230c   0x0800230c   0x00000002   Code   RO         3249    i.HAL_FDCAN_HighPriorityMessageCallback  stm32g4xx_hal_fdcan.o
    0x0800230e   0x0800230e   0x0000018a   Code   RO         3250    i.HAL_FDCAN_IRQHandler  stm32g4xx_hal_fdcan.o
    0x08002498   0x08002498   0x00000238   Code   RO         3251    i.HAL_FDCAN_Init    stm32g4xx_hal_fdcan.o
    0x080026d0   0x080026d0   0x00000120   Code   RO          886    i.HAL_FDCAN_MspInit  fdcan.o
    0x080027f0   0x080027f0   0x00000070   Code   RO          449    i.HAL_FDCAN_RxFifo0Callback  can_receive.o
    0x08002860   0x08002860   0x00000060   Code   RO          450    i.HAL_FDCAN_RxFifo1Callback  can_receive.o
    0x080028c0   0x080028c0   0x0000002c   Code   RO         3260    i.HAL_FDCAN_Start   stm32g4xx_hal_fdcan.o
    0x080028ec   0x080028ec   0x00000002   Code   RO         3262    i.HAL_FDCAN_TimeoutOccurredCallback  stm32g4xx_hal_fdcan.o
    0x080028ee   0x080028ee   0x00000002   Code   RO         3263    i.HAL_FDCAN_TimestampWraparoundCallback  stm32g4xx_hal_fdcan.o
    0x080028f0   0x080028f0   0x00000002   Code   RO         3264    i.HAL_FDCAN_TxBufferAbortCallback  stm32g4xx_hal_fdcan.o
    0x080028f2   0x080028f2   0x00000002   Code   RO         3265    i.HAL_FDCAN_TxBufferCompleteCallback  stm32g4xx_hal_fdcan.o
    0x080028f4   0x080028f4   0x00000002   Code   RO         3266    i.HAL_FDCAN_TxEventFifoCallback  stm32g4xx_hal_fdcan.o
    0x080028f6   0x080028f6   0x00000002   Code   RO         3267    i.HAL_FDCAN_TxFifoEmptyCallback  stm32g4xx_hal_fdcan.o
    0x080028f8   0x080028f8   0x00000002   Code   RO         3602    i.HAL_FMAC_ErrorCallback  stm32g4xx_hal_fmac.o
    0x080028fa   0x080028fa   0x00000006   Code   RO         3603    i.HAL_FMAC_FilterConfig  stm32g4xx_hal_fmac.o
    0x08002900   0x08002900   0x00000002   Code   RO         3604    i.HAL_FMAC_FilterConfigCallback  stm32g4xx_hal_fmac.o
    0x08002902   0x08002902   0x00000002   PAD
    0x08002904   0x08002904   0x00000088   Code   RO          661    i.HAL_FMAC_FilterConfig_my  iir_filter.o
    0x0800298c   0x0800298c   0x000000f8   Code   RO         3609    i.HAL_FMAC_FilterStart  stm32g4xx_hal_fmac.o
    0x08002a84   0x08002a84   0x00000002   Code   RO         3615    i.HAL_FMAC_HalfOutputDataReadyCallback  stm32g4xx_hal_fmac.o
    0x08002a86   0x08002a86   0x00000002   PAD
    0x08002a88   0x08002a88   0x00000096   Code   RO         3617    i.HAL_FMAC_Init     stm32g4xx_hal_fmac.o
    0x08002b1e   0x08002b1e   0x00000002   PAD
    0x08002b20   0x08002b20   0x00000068   Code   RO          941    i.HAL_FMAC_MspInit  fmac.o
    0x08002b88   0x08002b88   0x00000002   Code   RO         3620    i.HAL_FMAC_OutputDataReadyCallback  stm32g4xx_hal_fmac.o
    0x08002b8a   0x08002b8a   0x00000002   PAD
    0x08002b8c   0x08002b8c   0x000001e4   Code   RO         2451    i.HAL_GPIO_Init     stm32g4xx_hal_gpio.o
    0x08002d70   0x08002d70   0x0000000a   Code   RO         2453    i.HAL_GPIO_ReadPin  stm32g4xx_hal_gpio.o
    0x08002d7a   0x08002d7a   0x0000000a   Code   RO         2455    i.HAL_GPIO_WritePin  stm32g4xx_hal_gpio.o
    0x08002d84   0x08002d84   0x0000000c   Code   RO         1780    i.HAL_GetTick       stm32g4xx_hal.o
    0x08002d90   0x08002d90   0x0000010c   Code   RO         3799    i.HAL_HRTIM_ADCPostScalerConfig  stm32g4xx_hal_hrtim.o
    0x08002e9c   0x08002e9c   0x00000246   Code   RO         3800    i.HAL_HRTIM_ADCTriggerConfig  stm32g4xx_hal_hrtim.o
    0x080030e2   0x080030e2   0x00000096   Code   RO         3801    i.HAL_HRTIM_BurstDMAConfig  stm32g4xx_hal_hrtim.o
    0x08003178   0x08003178   0x00000002   Code   RO         3808    i.HAL_HRTIM_Capture1EventCallback  stm32g4xx_hal_hrtim.o
    0x0800317a   0x0800317a   0x00000002   Code   RO         3809    i.HAL_HRTIM_Capture2EventCallback  stm32g4xx_hal_hrtim.o
    0x0800317c   0x0800317c   0x00000002   Code   RO         3811    i.HAL_HRTIM_Compare1EventCallback  stm32g4xx_hal_hrtim.o
    0x0800317e   0x0800317e   0x00000002   Code   RO         3812    i.HAL_HRTIM_Compare2EventCallback  stm32g4xx_hal_hrtim.o
    0x08003180   0x08003180   0x00000002   Code   RO         3813    i.HAL_HRTIM_Compare3EventCallback  stm32g4xx_hal_hrtim.o
    0x08003182   0x08003182   0x00000002   Code   RO         3814    i.HAL_HRTIM_Compare4EventCallback  stm32g4xx_hal_hrtim.o
    0x08003184   0x08003184   0x00000002   Code   RO         3815    i.HAL_HRTIM_CounterResetCallback  stm32g4xx_hal_hrtim.o
    0x08003186   0x08003186   0x00000072   Code   RO         3817    i.HAL_HRTIM_DLLCalibrationStart  stm32g4xx_hal_hrtim.o
    0x080031f8   0x080031f8   0x00000002   Code   RO         3821    i.HAL_HRTIM_DelayedProtectionCallback  stm32g4xx_hal_hrtim.o
    0x080031fa   0x080031fa   0x00000002   Code   RO         3822    i.HAL_HRTIM_ErrorCallback  stm32g4xx_hal_hrtim.o
    0x080031fc   0x080031fc   0x000000c8   Code   RO         3850    i.HAL_HRTIM_Init    stm32g4xx_hal_hrtim.o
    0x080032c4   0x080032c4   0x00000080   Code   RO          983    i.HAL_HRTIM_MspInit  hrtim.o
    0x08003344   0x08003344   0x00000002   Code   RO         3853    i.HAL_HRTIM_Output1ResetCallback  stm32g4xx_hal_hrtim.o
    0x08003346   0x08003346   0x00000002   Code   RO         3854    i.HAL_HRTIM_Output1SetCallback  stm32g4xx_hal_hrtim.o
    0x08003348   0x08003348   0x00000002   Code   RO         3855    i.HAL_HRTIM_Output2ResetCallback  stm32g4xx_hal_hrtim.o
    0x0800334a   0x0800334a   0x00000002   Code   RO         3856    i.HAL_HRTIM_Output2SetCallback  stm32g4xx_hal_hrtim.o
    0x0800334c   0x0800334c   0x0000004e   Code   RO         3859    i.HAL_HRTIM_PollForDLLCalibration  stm32g4xx_hal_hrtim.o
    0x0800339a   0x0800339a   0x00000002   Code   RO         3860    i.HAL_HRTIM_RegistersUpdateCallback  stm32g4xx_hal_hrtim.o
    0x0800339c   0x0800339c   0x00000002   Code   RO         3861    i.HAL_HRTIM_RepetitionEventCallback  stm32g4xx_hal_hrtim.o
    0x0800339e   0x0800339e   0x00000002   Code   RO         3899    i.HAL_HRTIM_SynchronizationEventCallback  stm32g4xx_hal_hrtim.o
    0x080033a0   0x080033a0   0x00000092   Code   RO         3901    i.HAL_HRTIM_TimeBaseConfig  stm32g4xx_hal_hrtim.o
    0x08003432   0x08003432   0x00000002   PAD
    0x08003434   0x08003434   0x0000017e   Code   RO         3907    i.HAL_HRTIM_WaveformCompareConfig  stm32g4xx_hal_hrtim.o
    0x080035b2   0x080035b2   0x00000032   Code   RO         3908    i.HAL_HRTIM_WaveformCountStart  stm32g4xx_hal_hrtim.o
    0x080035e4   0x080035e4   0x000000fc   Code   RO         3909    i.HAL_HRTIM_WaveformCountStart_DMA  stm32g4xx_hal_hrtim.o
    0x080036e0   0x080036e0   0x00000094   Code   RO         3910    i.HAL_HRTIM_WaveformCountStart_IT  stm32g4xx_hal_hrtim.o
    0x08003774   0x08003774   0x00000038   Code   RO         3916    i.HAL_HRTIM_WaveformOutputConfig  stm32g4xx_hal_hrtim.o
    0x080037ac   0x080037ac   0x00000034   Code   RO         3917    i.HAL_HRTIM_WaveformOutputStart  stm32g4xx_hal_hrtim.o
    0x080037e0   0x080037e0   0x00000034   Code   RO         3918    i.HAL_HRTIM_WaveformOutputStop  stm32g4xx_hal_hrtim.o
    0x08003814   0x08003814   0x00000322   Code   RO         3920    i.HAL_HRTIM_WaveformTimerConfig  stm32g4xx_hal_hrtim.o
    0x08003b36   0x08003b36   0x000000e4   Code   RO         3921    i.HAL_HRTIM_WaveformTimerControl  stm32g4xx_hal_hrtim.o
    0x08003c1a   0x08003c1a   0x00000002   PAD
    0x08003c1c   0x08003c1c   0x00000010   Code   RO         1783    i.HAL_IncTick       stm32g4xx_hal.o
    0x08003c2c   0x08003c2c   0x0000001e   Code   RO         1784    i.HAL_Init          stm32g4xx_hal.o
    0x08003c4a   0x08003c4a   0x00000002   PAD
    0x08003c4c   0x08003c4c   0x00000044   Code   RO         1785    i.HAL_InitTick      stm32g4xx_hal.o
    0x08003c90   0x08003c90   0x00000030   Code   RO         1358    i.HAL_MspInit       stm32g4xx_hal_msp.o
    0x08003cc0   0x08003cc0   0x0000001e   Code   RO         3083    i.HAL_NVIC_EnableIRQ  stm32g4xx_hal_cortex.o
    0x08003cde   0x08003cde   0x00000002   PAD
    0x08003ce0   0x08003ce0   0x00000064   Code   RO         3089    i.HAL_NVIC_SetPriority  stm32g4xx_hal_cortex.o
    0x08003d44   0x08003d44   0x00000024   Code   RO         3090    i.HAL_NVIC_SetPriorityGrouping  stm32g4xx_hal_cortex.o
    0x08003d68   0x08003d68   0x000000ec   Code   RO         5110    i.HAL_OPAMP_Init    stm32g4xx_hal_opamp.o
    0x08003e54   0x08003e54   0x000000f8   Code   RO         1085    i.HAL_OPAMP_MspInit  opamp.o
    0x08003f4c   0x08003f4c   0x00000156   Code   RO         5115    i.HAL_OPAMP_SelfCalibrate  stm32g4xx_hal_opamp.o
    0x080040a2   0x080040a2   0x0000002e   Code   RO         5116    i.HAL_OPAMP_Start   stm32g4xx_hal_opamp.o
    0x080040d0   0x080040d0   0x000000c0   Code   RO         2839    i.HAL_PWREx_ControlVoltageScaling  stm32g4xx_hal_pwr_ex.o
    0x08004190   0x08004190   0x00000010   Code   RO         2851    i.HAL_PWREx_DisableUCPDDeadBattery  stm32g4xx_hal_pwr_ex.o
    0x080041a0   0x080041a0   0x00000344   Code   RO         2128    i.HAL_RCCEx_PeriphCLKConfig  stm32g4xx_hal_rcc_ex.o
    0x080044e4   0x080044e4   0x00000208   Code   RO         2004    i.HAL_RCC_ClockConfig  stm32g4xx_hal_rcc.o
    0x080046ec   0x080046ec   0x00000024   Code   RO         2012    i.HAL_RCC_GetPCLK1Freq  stm32g4xx_hal_rcc.o
    0x08004710   0x08004710   0x00000024   Code   RO         2013    i.HAL_RCC_GetPCLK2Freq  stm32g4xx_hal_rcc.o
    0x08004734   0x08004734   0x00000070   Code   RO         2014    i.HAL_RCC_GetSysClockFreq  stm32g4xx_hal_rcc.o
    0x080047a4   0x080047a4   0x000004ca   Code   RO         2017    i.HAL_RCC_OscConfig  stm32g4xx_hal_rcc.o
    0x08004c6e   0x08004c6e   0x00000108   Code   RO         5226    i.HAL_SPI_Init      stm32g4xx_hal_spi.o
    0x08004d76   0x08004d76   0x00000002   PAD
    0x08004d78   0x08004d78   0x000000a8   Code   RO         1157    i.HAL_SPI_MspInit   spi.o
    0x08004e20   0x08004e20   0x000001d2   Code   RO         5234    i.HAL_SPI_Transmit  stm32g4xx_hal_spi.o
    0x08004ff2   0x08004ff2   0x00000002   PAD
    0x08004ff4   0x08004ff4   0x0000002c   Code   RO         3094    i.HAL_SYSTICK_Config  stm32g4xx_hal_cortex.o
    0x08005020   0x08005020   0x00000002   Code   RO         6220    i.HAL_TIMEx_Break2Callback  stm32g4xx_hal_tim_ex.o
    0x08005022   0x08005022   0x00000002   Code   RO         6221    i.HAL_TIMEx_BreakCallback  stm32g4xx_hal_tim_ex.o
    0x08005024   0x08005024   0x00000002   Code   RO         6222    i.HAL_TIMEx_CommutCallback  stm32g4xx_hal_tim_ex.o
    0x08005026   0x08005026   0x00000002   PAD
    0x08005028   0x08005028   0x000000c8   Code   RO         6225    i.HAL_TIMEx_ConfigBreakDeadTime  stm32g4xx_hal_tim_ex.o
    0x080050f0   0x080050f0   0x00000002   Code   RO         6233    i.HAL_TIMEx_DirectionChangeCallback  stm32g4xx_hal_tim_ex.o
    0x080050f2   0x080050f2   0x00000002   Code   RO         6247    i.HAL_TIMEx_EncoderIndexCallback  stm32g4xx_hal_tim_ex.o
    0x080050f4   0x080050f4   0x00000002   Code   RO         6261    i.HAL_TIMEx_IndexErrorCallback  stm32g4xx_hal_tim_ex.o
    0x080050f6   0x080050f6   0x00000002   PAD
    0x080050f8   0x080050f8   0x000000bc   Code   RO         6262    i.HAL_TIMEx_MasterConfigSynchronization  stm32g4xx_hal_tim_ex.o
    0x080051b4   0x080051b4   0x00000002   Code   RO         6283    i.HAL_TIMEx_TransitionErrorCallback  stm32g4xx_hal_tim_ex.o
    0x080051b6   0x080051b6   0x00000062   Code   RO         5548    i.HAL_TIM_Base_Init  stm32g4xx_hal_tim.o
    0x08005218   0x08005218   0x00000054   Code   RO         1205    i.HAL_TIM_Base_MspInit  tim.o
    0x0800526c   0x0800526c   0x0000008c   Code   RO         5553    i.HAL_TIM_Base_Start_IT  stm32g4xx_hal_tim.o
    0x080052f8   0x080052f8   0x00000194   Code   RO         5557    i.HAL_TIM_ConfigClockSource  stm32g4xx_hal_tim.o
    0x0800548c   0x0800548c   0x00000002   Code   RO         5582    i.HAL_TIM_IC_CaptureCallback  stm32g4xx_hal_tim.o
    0x0800548e   0x0800548e   0x00000202   Code   RO         5596    i.HAL_TIM_IRQHandler  stm32g4xx_hal_tim.o
    0x08005690   0x08005690   0x00000002   Code   RO         5599    i.HAL_TIM_OC_DelayElapsedCallback  stm32g4xx_hal_tim.o
    0x08005692   0x08005692   0x00000002   PAD
    0x08005694   0x08005694   0x0000030c   Code   RO         5620    i.HAL_TIM_PWM_ConfigChannel  stm32g4xx_hal_tim.o
    0x080059a0   0x080059a0   0x00000062   Code   RO         5623    i.HAL_TIM_PWM_Init  stm32g4xx_hal_tim.o
    0x08005a02   0x08005a02   0x00000002   Code   RO         5625    i.HAL_TIM_PWM_MspInit  stm32g4xx_hal_tim.o
    0x08005a04   0x08005a04   0x00000002   Code   RO         5626    i.HAL_TIM_PWM_PulseFinishedCallback  stm32g4xx_hal_tim.o
    0x08005a06   0x08005a06   0x00000002   PAD
    0x08005a08   0x08005a08   0x00000130   Code   RO         5628    i.HAL_TIM_PWM_Start  stm32g4xx_hal_tim.o
    0x08005b38   0x08005b38   0x00000002   Code   RO         5634    i.HAL_TIM_PeriodElapsedCallback  stm32g4xx_hal_tim.o
    0x08005b3a   0x08005b3a   0x00000002   Code   RO         5639    i.HAL_TIM_TriggerCallback  stm32g4xx_hal_tim.o
    0x08005b3c   0x08005b3c   0x0000003e   Code   RO         5000    i.HAL_UARTEx_DisableFifoMode  stm32g4xx_hal_uart_ex.o
    0x08005b7a   0x08005b7a   0x00000002   PAD
    0x08005b7c   0x08005b7c   0x0000008c   Code   RO         5008    i.HAL_UARTEx_SetRxFifoThreshold  stm32g4xx_hal_uart_ex.o
    0x08005c08   0x08005c08   0x0000008c   Code   RO         5009    i.HAL_UARTEx_SetTxFifoThreshold  stm32g4xx_hal_uart_ex.o
    0x08005c94   0x08005c94   0x0000006e   Code   RO         4621    i.HAL_UART_Init     stm32g4xx_hal_uart.o
    0x08005d02   0x08005d02   0x00000002   PAD
    0x08005d04   0x08005d04   0x000000d8   Code   RO         1037    i.HAL_UART_MspInit  usart.o
    0x08005ddc   0x08005ddc   0x000000d0   Code   RO         4630    i.HAL_UART_Transmit  stm32g4xx_hal_uart.o
    0x08005eac   0x08005eac   0x00000018   Code   RO         1267    i.HRTIM1_Master_IRQHandler  stm32g4xx_it.o
    0x08005ec4   0x08005ec4   0x0000000a   Code   RO         3923    i.HRTIM_DMAError    stm32g4xx_hal_hrtim.o
    0x08005ece   0x08005ece   0x00000074   Code   RO         3924    i.HRTIM_DMAMasterCplt  stm32g4xx_hal_hrtim.o
    0x08005f42   0x08005f42   0x0000015e   Code   RO         3925    i.HRTIM_DMATimerxCplt  stm32g4xx_hal_hrtim.o
    0x080060a0   0x080060a0   0x00000040   Code   RO         3927    i.HRTIM_GetDMAHandleFromTimerIdx  stm32g4xx_hal_hrtim.o
    0x080060e0   0x080060e0   0x00000028   Code   RO          985    i.HRTIM_Init        hrtim.o
    0x08006108   0x08006108   0x000000f4   Code   RO         3928    i.HRTIM_OutputConfig  stm32g4xx_hal_hrtim.o
    0x080061fc   0x080061fc   0x00000002   Code   RO         1268    i.HardFault_Handler  stm32g4xx_it.o
    0x080061fe   0x080061fe   0x00000002   PAD
    0x08006200   0x08006200   0x00000070   Code   RO          532    i.KEYFlag           function.o
    0x08006270   0x08006270   0x00000090   Code   RO          533    i.LEDShow           function.o
    0x08006300   0x08006300   0x000000a8   Code   RO          791    i.MX_ADC1_Init      adc.o
    0x080063a8   0x080063a8   0x0000009c   Code   RO          792    i.MX_ADC2_Init      adc.o
    0x08006444   0x08006444   0x000000b4   Code   RO          793    i.MX_ADC3_Init      adc.o
    0x080064f8   0x080064f8   0x0000009c   Code   RO          794    i.MX_ADC4_Init      adc.o
    0x08006594   0x08006594   0x0000009c   Code   RO          795    i.MX_ADC5_Init      adc.o
    0x08006630   0x08006630   0x0000002c   Code   RO          861    i.MX_DMA_Init       dma.o
    0x0800665c   0x0800665c   0x00000058   Code   RO          887    i.MX_FDCAN1_Init    fdcan.o
    0x080066b4   0x080066b4   0x00000058   Code   RO          888    i.MX_FDCAN2_Init    fdcan.o
    0x0800670c   0x0800670c   0x00000024   Code   RO          942    i.MX_FMAC_Init      fmac.o
    0x08006730   0x08006730   0x00000130   Code   RO          764    i.MX_GPIO_Init      gpio.o
    0x08006860   0x08006860   0x0000031c   Code   RO          986    i.MX_HRTIM1_Init    hrtim.o
    0x08006b7c   0x08006b7c   0x0000006c   Code   RO         1038    i.MX_LPUART1_UART_Init  usart.o
    0x08006be8   0x08006be8   0x00000038   Code   RO         1086    i.MX_OPAMP1_Init    opamp.o
    0x08006c20   0x08006c20   0x00000038   Code   RO         1087    i.MX_OPAMP2_Init    opamp.o
    0x08006c58   0x08006c58   0x00000038   Code   RO         1088    i.MX_OPAMP3_Init    opamp.o
    0x08006c90   0x08006c90   0x00000038   Code   RO         1089    i.MX_OPAMP5_Init    opamp.o
    0x08006cc8   0x08006cc8   0x00000038   Code   RO         1090    i.MX_OPAMP6_Init    opamp.o
    0x08006d00   0x08006d00   0x00000050   Code   RO         1158    i.MX_SPI2_Init      spi.o
    0x08006d50   0x08006d50   0x00000050   Code   RO         1159    i.MX_SPI3_Init      spi.o
    0x08006da0   0x08006da0   0x00000174   Code   RO         1207    i.MX_TIM1_Init      tim.o
    0x08006f14   0x08006f14   0x0000006c   Code   RO         1208    i.MX_TIM2_Init      tim.o
    0x08006f80   0x08006f80   0x0000006c   Code   RO         1039    i.MX_USART2_UART_Init  usart.o
    0x08006fec   0x08006fec   0x00000002   Code   RO         1269    i.MemManage_Handler  stm32g4xx_it.o
    0x08006fee   0x08006fee   0x00000002   Code   RO         1270    i.NMI_Handler       stm32g4xx_it.o
    0x08006ff0   0x08006ff0   0x00000058   Code   RO         1091    i.OPAMP_Start       opamp.o
    0x08007048   0x08007048   0x00000040   Code   RO          368    i.PID_init          pid.o
    0x08007088   0x08007088   0x00000002   Code   RO         1271    i.PendSV_Handler    stm32g4xx_it.o
    0x0800708a   0x0800708a   0x0000004a   Code   RO         5260    i.SPI_EndRxTxTransaction  stm32g4xx_hal_spi.o
    0x080070d4   0x080070d4   0x000000e4   Code   RO         5265    i.SPI_WaitFifoStateUntilTimeout  stm32g4xx_hal_spi.o
    0x080071b8   0x080071b8   0x000000b4   Code   RO         5266    i.SPI_WaitFlagStateUntilTimeout  stm32g4xx_hal_spi.o
    0x0800726c   0x0800726c   0x00000002   Code   RO         1272    i.SVC_Handler       stm32g4xx_it.o
    0x0800726e   0x0800726e   0x00000002   PAD
    0x08007270   0x08007270   0x00000088   Code   RO          534    i.ShortOff          function.o
    0x080072f8   0x080072f8   0x00000100   Code   RO          535    i.StateM            function.o
    0x080073f8   0x080073f8   0x000001b0   Code   RO          538    i.StateMRise        function.o
    0x080075a8   0x080075a8   0x000000a0   Code   RO          541    i.SwOCP             function.o
    0x08007648   0x08007648   0x00000004   Code   RO         1273    i.SysTick_Handler   stm32g4xx_it.o
    0x0800764c   0x0800764c   0x000000f4   Code   RO          692    i.SystemClock_Config  main.o
    0x08007740   0x08007740   0x00000010   Code   RO         6645    i.SystemInit        system_stm32g4xx.o
    0x08007750   0x08007750   0x0000002c   Code   RO         1209    i.TIM1_PWM_Init     tim.o
    0x0800777c   0x0800777c   0x00000040   Code   RO         1274    i.TIM2_IRQHandler   stm32g4xx_it.o
    0x080077bc   0x080077bc   0x000000dc   Code   RO         5641    i.TIM_Base_SetConfig  stm32g4xx_hal_tim.o
    0x08007898   0x08007898   0x000000b4   Code   RO         5653    i.TIM_OC1_SetConfig  stm32g4xx_hal_tim.o
    0x0800794c   0x0800794c   0x000000a0   Code   RO         5654    i.TIM_OC2_SetConfig  stm32g4xx_hal_tim.o
    0x080079ec   0x080079ec   0x000000da   Code   RO         4635    i.UART_AdvFeatureConfig  stm32g4xx_hal_uart.o
    0x08007ac6   0x08007ac6   0x00000064   Code   RO         4636    i.UART_CheckIdleState  stm32g4xx_hal_uart.o
    0x08007b2a   0x08007b2a   0x00000002   PAD
    0x08007b2c   0x08007b2c   0x000002ac   Code   RO         4651    i.UART_SetConfig    stm32g4xx_hal_uart.o
    0x08007dd8   0x08007dd8   0x000000e4   Code   RO         4658    i.UART_WaitOnFlagUntilTimeout  stm32g4xx_hal_uart.o
    0x08007ebc   0x08007ebc   0x00000002   Code   RO         1275    i.UsageFault_Handler  stm32g4xx_it.o
    0x08007ebe   0x08007ebe   0x00000002   PAD
    0x08007ec0   0x08007ec0   0x00000054   Code   RO          543    i.VinSwOVP          function.o
    0x08007f14   0x08007f14   0x00000094   Code   RO          544    i.VinSwUVP          function.o
    0x08007fa8   0x08007fa8   0x00000054   Code   RO          545    i.VoutSwOVP         function.o
    0x08007ffc   0x08007ffc   0x00000020   Code   RO         6919    i.__0printf         mc_w.l(printfa.o)
    0x0800801c   0x0800801c   0x0000000e   Code   RO         6995    i.__scatterload_copy  mc_w.l(handlers.o)
    0x0800802a   0x0800802a   0x00000002   Code   RO         6996    i.__scatterload_null  mc_w.l(handlers.o)
    0x0800802c   0x0800802c   0x0000000e   Code   RO         6997    i.__scatterload_zeroinit  mc_w.l(handlers.o)
    0x0800803a   0x0800803a   0x00000002   PAD
    0x0800803c   0x0800803c   0x00000184   Code   RO         6926    i._fp_digits        mc_w.l(printfa.o)
    0x080081c0   0x080081c0   0x000006b4   Code   RO         6927    i._printf_core      mc_w.l(printfa.o)
    0x08008874   0x08008874   0x00000024   Code   RO         6928    i._printf_post_padding  mc_w.l(printfa.o)
    0x08008898   0x08008898   0x0000002e   Code   RO         6929    i._printf_pre_padding  mc_w.l(printfa.o)
    0x080088c6   0x080088c6   0x00000002   PAD
    0x080088c8   0x080088c8   0x00000080   Code   RO          889    i.can_filter_init   fdcan.o
    0x08008948   0x08008948   0x0000001c   Code   RO          693    i.fputc             main.o
    0x08008964   0x08008964   0x00000138   Code   RO          254    i.ips114_display_chinese  seekfree_ips114_spi.o
    0x08008a9c   0x08008a9c   0x00000e64   Code   RO          256    i.ips114_init       seekfree_ips114_spi.o
    0x08009900   0x08009900   0x000000dc   Code   RO          257    i.ips114_set_region  seekfree_ips114_spi.o
    0x080099dc   0x080099dc   0x000000f0   Code   RO          258    i.ips114_showchar   seekfree_ips114_spi.o
    0x08009acc   0x08009acc   0x00000058   Code   RO          266    i.ips114_writedata_16bit  seekfree_ips114_spi.o
    0x08009b24   0x08009b24   0x000001d4   Code   RO          694    i.main              main.o
    0x08009cf8   0x08009cf8   0x000000e4   Code   RO           15    i.power_init        power_ctrl.o
    0x08009ddc   0x08009ddc   0x000005f0   Data   RO          226    .constdata          seekfree_font.o
    0x0800a3cc   0x0800a3cc   0x00000080   Data   RO          228    .constdata          seekfree_font.o
    0x0800a44c   0x0800a44c   0x00000010   Data   RO         3268    .constdata          stm32g4xx_hal_fdcan.o
    0x0800a45c   0x0800a45c   0x00000018   Data   RO         4659    .constdata          stm32g4xx_hal_uart.o
    0x0800a474   0x0800a474   0x00000010   Data   RO         5013    .constdata          stm32g4xx_hal_uart_ex.o
    0x0800a484   0x0800a484   0x00000010   Data   RO         6646    .constdata          system_stm32g4xx.o
    0x0800a494   0x0800a494   0x00000008   Data   RO         6647    .constdata          system_stm32g4xx.o
    0x0800a49c   0x0800a49c   0x00000040   Data   RO         6993    Region$$Table       anon$$obj.o


    Execution Region ER (Exec base: 0x10000000, Load base: 0x0800a588, Size: 0x00000680, Max: 0x00008000, ABSOLUTE)

    Exec Addr    Load Addr    Size         Type   Attr      Idx    E Section Name        Object

    0x10000000   0x0800a588   0x0000000a   Ven    RO         7006    Veneer$$Code        anon$$obj.o
    0x1000000a   0x0800a592   0x00000002   PAD
    0x1000000c   0x0800a594   0x00000488   Code   RO           13    ccmram              power_ctrl.o
    0x10000494   0x0800aa1c   0x000000fc   Code   RO          367    ccmram              pid.o
    0x10000590   0x0800ab18   0x00000024   Data   RW           18    ccmram              power_ctrl.o
    0x100005b4   0x0800ab3c   0x00000044   Data   RW          369    ccmram              pid.o
    0x100005f8   0x0800ab80   0x00000044   Data   RW          370    ccmram              pid.o
    0x1000063c   0x0800abc4   0x00000044   Data   RW          371    ccmram              pid.o


    Execution Region RW_IRAM1 (Exec base: 0x20000000, Load base: 0x0800a4dc, Size: 0x00001088, Max: 0x00018000, ABSOLUTE)

    Exec Addr    Load Addr    Size         Type   Attr      Idx    E Section Name        Object

    0x20000000   0x0800a4dc   0x00000010   Data   RW           17    .data               power_ctrl.o
    0x20000010   0x0800a4ec   0x00000019   Data   RW          456    .data               can_receive.o
    0x20000029   0x0800a505   0x00000003   PAD
    0x2000002c   0x0800a508   0x00000038   Data   RW          547    .data               function.o
    0x20000064   0x0800a540   0x00000002   Data   RW          549    .data               function.o
    0x20000066   0x0800a542   0x0000000a   Data   RW          662    .data               iir_filter.o
    0x20000070   0x0800a54c   0x00000008   Data   RW          797    .data               adc.o
    0x20000078   0x0800a554   0x00000004   Data   RW          891    .data               fdcan.o
    0x2000007c   0x0800a558   0x0000000c   Data   RW         1804    .data               stm32g4xx_hal.o
    0x20000088   0x0800a564   0x0000001c   Data   RW         3929    .data               stm32g4xx_hal_hrtim.o
    0x200000a4   0x0800a580   0x00000004   Data   RW         6648    .data               system_stm32g4xx.o
    0x200000a8   0x0800a584   0x00000004   Data   RW         6971    .data               mc_w.l(stdout.o)
    0x200000ac        -       0x000000b4   Zero   RW           16    .bss                power_ctrl.o
    0x20000160        -       0x000000b4   Zero   RW          455    .bss                can_receive.o
    0x20000214        -       0x0000000e   Zero   RW          546    .bss                function.o
    0x20000222   0x0800a588   0x00000002   PAD
    0x20000224        -       0x000003fc   Zero   RW          796    .bss                adc.o
    0x20000620        -       0x000000c8   Zero   RW          890    .bss                fdcan.o
    0x200006e8        -       0x00000098   Zero   RW          943    .bss                fmac.o
    0x20000780        -       0x0000015c   Zero   RW          987    .bss                hrtim.o
    0x200008dc        -       0x00000120   Zero   RW         1040    .bss                usart.o
    0x200009fc        -       0x0000012c   Zero   RW         1092    .bss                opamp.o
    0x20000b28        -       0x000000c8   Zero   RW         1160    .bss                spi.o
    0x20000bf0        -       0x00000098   Zero   RW         1210    .bss                tim.o
    0x20000c88        -       0x00000400   Zero   RW            1    STACK               startup_stm32g474xx.o


==============================================================================

Image component sizes


      Code (inc. data)   RO Data    RW Data    ZI Data      Debug   Object Name

      1596        154          0          8       1020       5869   adc.o
       332         46          0         25        180       3962   can_receive.o
        44          4          0          0          0        806   dma.o
       592         40          0          4        200       3262   fdcan.o
       140         20          0          0        152       1657   fmac.o
      1700        262          0         58         14       9544   function.o
       304         16          0          0          0       1071   gpio.o
       964         42          0          0        348       3050   hrtim.o
       136         16          0         10          0       1211   iir_filter.o
       812        154          0          0          0       3022   main.o
       616        102          0          0        300       4757   opamp.o
       316          8          0        204          0       3120   pid.o
      1546        196          0         52        180    1093405   power_ctrl.o
         0          0       1648          0          0        631   seekfree_font.o
      4544        150          0          0          0      10215   seekfree_ips114_spi.o
       328         28          0          0        200       2402   spi.o
        36          8        472          0       1024        844   startup_stm32g474xx.o
       166         26          0         12          0       4333   stm32g4xx_hal.o
      2708        112          0          0          0      79227   stm32g4xx_hal_adc.o
       544         34          0          0          0      69037   stm32g4xx_hal_adc_ex.o
       210         16          0          0          0      33419   stm32g4xx_hal_cortex.o
       498         44          0          0          0       2762   stm32g4xx_hal_dma.o
      2010         26         16          0          0      17122   stm32g4xx_hal_fdcan.o
      1062         32          0          0          0      11562   stm32g4xx_hal_fmac.o
       504         18          0          0          0       2735   stm32g4xx_hal_gpio.o
      4376         66          0         28          0      32595   stm32g4xx_hal_hrtim.o
        48          6          0          0          0        866   stm32g4xx_hal_msp.o
       624          8          0          0          0       3517   stm32g4xx_hal_opamp.o
       208         16          0          0          0       1429   stm32g4xx_hal_pwr_ex.o
      1930         84          0          0          0       6438   stm32g4xx_hal_rcc.o
       836         10          0          0          0       1952   stm32g4xx_hal_rcc_ex.o
      1212         12          0          0          0       5979   stm32g4xx_hal_spi.o
      2910        122          0          0          0      15754   stm32g4xx_hal_tim.o
       402         28          0          0          0       6308   stm32g4xx_hal_tim_ex.o
      1548         44         24          0          0      26007   stm32g4xx_hal_uart.o
       342         12         16          0          0       3409   stm32g4xx_hal_uart_ex.o
       120         18          0          0          0       5751   stm32g4xx_it.o
        16          4         24          4          0       1135   system_stm32g4xx.o
       608         38          0          0        152       3369   tim.o
       432         28          0          0        288       2594   usart.o

    ----------------------------------------------------------------------
     37418       2050       2264        408       4060    1486128   Object Totals
        40          0         64          0          0          0   (incl. Generated)
        58          0          0          3          2          0   (incl. Padding)

    ----------------------------------------------------------------------

      Code (inc. data)   RO Data    RW Data    ZI Data      Debug   Library Member Name

        86          0          0          0          0          0   __dczerorl2.o
         0          0          0          0          0          0   entry.o
         0          0          0          0          0          0   entry10a.o
         0          0          0          0          0          0   entry11a.o
         4          0          0          0          0          0   entry12b.o
         8          4          0          0          0          0   entry2.o
         4          0          0          0          0          0   entry5.o
         0          0          0          0          0          0   entry7b.o
         0          0          0          0          0          0   entry8b.o
         8          4          0          0          0          0   entry9a.o
        30          0          0          0          0          0   handlers.o
        36          8          0          0          0         68   init.o
         0          0          0          0          0          0   iusefp.o
        30          0          0          0          0         68   llshl.o
        36          0          0          0          0         68   llsshr.o
        32          0          0          0          0         68   llushr.o
        36          0          0          0          0        108   memseta.o
      2218         90          0          0          0        464   printfa.o
         0          0          0          4          0          0   stdout.o
        44          0          0          0          0         80   uidiv.o
        98          0          0          0          0         92   uldiv.o
        48          0          0          0          0         68   cdrcmple.o
        56          0          0          0          0         88   d2f.o
       334          0          0          0          0        148   dadd.o
       222          0          0          0          0        100   ddiv.o
       186          0          0          0          0        176   depilogue.o
        48          0          0          0          0         68   dfixul.o
       228          0          0          0          0         96   dmul.o
        38          0          0          0          0         68   f2d.o
       110          0          0          0          0        168   fepilogue.o

    ----------------------------------------------------------------------
      3946        106          0          4          0       1996   Library Totals
         6          0          0          0          0          0   (incl. Padding)

    ----------------------------------------------------------------------

      Code (inc. data)   RO Data    RW Data    ZI Data      Debug   Library Name

      2670        106          0          4          0       1016   mc_w.l
      1270          0          0          0          0        980   mf_w.l

    ----------------------------------------------------------------------
      3946        106          0          4          0       1996   Library Totals

    ----------------------------------------------------------------------

==============================================================================


      Code (inc. data)   RO Data    RW Data    ZI Data      Debug   

     41364       2156       2264        412       4060    1466372   Grand Totals
     41364       2156       2264        412       4060    1466372   ELF Image Totals
     41364       2156       2264        412          0          0   ROM Totals

==============================================================================

    Total RO  Size (Code + RO Data)                43628 (  42.61kB)
    Total RW  Size (RW Data + ZI Data)              4472 (   4.37kB)
    Total ROM Size (Code + RO Data + RW Data)      44040 (  43.01kB)

==============================================================================

